-------------------------------------------------------------------------------
      name:  <unnamed>
       log:  W:\victor_lavi\Incoming\olim1\elior\Teachers Bonuses\logs\DynamicG
> raphs_byGender_25Jul19.log
  log type:  text
 opened on:  25 Jul 2019, 13:41:54

. 
. use data\BL_SAMPLE_FULL_UPDATED_WithParents, clear

. 
. * KEEPING OBSERVATIONS THAT ARE FOUND IN THE DEMOGRAPHIC SAMPLE *
. keep if dmg == 1
(258 observations deleted)

. 
. * DROPPING INDIVIDUALS WHO HAVE WAGE PROBLEM*
. drop if wage_problem_2000 == 1
(>10 observations deleted)

. drop if wage_problem_2001 == 1
(>10 observations deleted)

. drop if wage_problem_2002 == 1
(18 observations deleted)

. drop if wage_problem_2003 == 1
(11 observations deleted)

. drop if wage_problem_2004 == 1
(13 observations deleted)

. drop if wage_problem_2005 == 1
(12 observations deleted)

. drop if wage_problem_2006 == 1
(15 observations deleted)

. drop if wage_problem_2007 == 1
(18 observations deleted)

. drop if wage_problem_2008 == 1
(21 observations deleted)

. drop if wage_problem_2009 == 1
(64 observations deleted)

. drop if wage_problem_2010 == 1
(82 observations deleted)

. drop if wage_problem_2011 == 1
(17 observations deleted)

. drop if wage_problem_2012 == 1
(17 observations deleted)

. drop if wage_problem_2013 == 1
(13 observations deleted)

. 
. *DROP INDIVIDUALS WITH WAGES HIGHER THAN 400,000 NIS *
. 
. drop if sum_wage_2000a > 400000 |sum_wage_2001a > 400000 |sum_wage_2002a > 40
> 0000 |sum_wage_2003a > 400000 |sum_wage_2004a > 400000 |sum_wage_2005a > 4000
> 00 |sum_wage_2006a > 400000 |sum_wage_2007a > 400000 |sum_wage_2008a > 400000
>  |sum_wage_2009a > 400000 | sum_wage_2010a > 400000 | sum_wage_2011a > 400000
>  | sum_wage_2012a > 400000 | sum_wage_2013a > 400000
(125 observations deleted)

. 
. * INFLATION-ADJUSTING OF WAGES (2009 PRICES)*
. 
. replace sum_wage_2010a = sum_wage_2010a / 1.026
(20,835 real changes made)

. replace sum_wage_2011a = sum_wage_2011a / ((1.026)*(1.0217))
(21,358 real changes made)

. replace sum_wage_2012a = sum_wage_2012a / ((1.026)*(1.0217)*(1.0163))
(21,105 real changes made)

. replace sum_wage_2013a = sum_wage_2013a / ((1.026)*(1.0217)*(1.0163)*(1.0182)
> )
(21,345 real changes made)

. replace sum_wage_2008a = sum_wage_2008a * 1.0391
(21,736 real changes made)

. replace sum_wage_2007a = sum_wage_2007a * 1.0391 * 1.038
(21,412 real changes made)

. replace sum_wage_2006a = sum_wage_2006a * 1.0391 * 1.038 * 1.034
(21,075 real changes made)

. replace sum_wage_2005a = sum_wage_2005a * 1.0391 * 1.038 * 1.034 * 0.999
(20,655 real changes made)

. replace sum_wage_2004a = sum_wage_2004a * 1.0391 * 1.038 * 1.034 * 0.999 * 1.
> 0239 
(18,367 real changes made)

. replace sum_wage_2003a = sum_wage_2003a * 1.0391 * 1.038 * 1.034 * 0.999 * 1.
> 0239 * 1.0121 
(14,809 real changes made)

. replace sum_wage_2002a = sum_wage_2002a * 1.0391 * 1.038 * 1.034 * 0.999 * 1.
> 0239 * 1.0121 * 0.9811
(12,318 real changes made)

. replace sum_wage_2001a = sum_wage_2001a * 1.0391 * 1.038 * 1.034 * 0.999 * 1.
> 0239 * 1.0121 * 0.9811 * 1.065
(14,502 real changes made)

. replace sum_wage_2000a = sum_wage_2000a * 1.0391 * 1.038 * 1.034 * 0.999 * 1.
> 0239 * 1.0121 * 0.9811 * 1.065 * 1.0141
(15,314 real changes made)

. 
. ***Drop if wage is negative (this applies only to the b and c definitions***
. 
. foreach year in 2000 2001 2002 2003 2004 2005 2006 2007 2008 2009 2010 2011 2
> 012 2013 {
  2.         drop if sum_wage_`year'a<0
  3.         drop if sum_wage_`year'b<0
  4.         drop if sum_wage_`year'c<0
  5.         }
(0 observations deleted)
(0 observations deleted)
(0 observations deleted)
(0 observations deleted)
(1 observation deleted)
(0 observations deleted)
(0 observations deleted)
(1 observation deleted)
(0 observations deleted)
(0 observations deleted)
(0 observations deleted)
(0 observations deleted)
(0 observations deleted)
(0 observations deleted)
(0 observations deleted)
(0 observations deleted)
(0 observations deleted)
(0 observations deleted)
(0 observations deleted)
(0 observations deleted)
(0 observations deleted)
(0 observations deleted)
(3 observations deleted)
(0 observations deleted)
(0 observations deleted)
(1 observation deleted)
(0 observations deleted)
(0 observations deleted)
(4 observations deleted)
(0 observations deleted)
(0 observations deleted)
(1 observation deleted)
(0 observations deleted)
(0 observations deleted)
(2 observations deleted)
(0 observations deleted)
(0 observations deleted)
(23 observations deleted)
(0 observations deleted)
(0 observations deleted)
(2 observations deleted)
(0 observations deleted)

. 
. *In order to cluster by school_codeYear
. gen school_codeYear = school_code

. 
. replace school_codeYear = school_code * 1000 if year == 2001
(12,449 real changes made)

. 
. ***generate mean wage for father and mother for the years 2000-2002***
. gen av_avwage00_02 = (av_sum_wage_2000a + av_sum_wage_2001a + av_sum_wage_200
> 2a)/3
(1,708 missing values generated)

. gen em_avwage00_02 = (em_sum_wage_2000a + em_sum_wage_2001a + em_sum_wage_200
> 2a)/3
(619 missing values generated)

. 
. 
. 
. ***generate household income***
. foreach year in 2000 2001 2002 {
  2.         gen house_sum_wage_`year'a = av_sum_wage_`year'a + em_sum_wage_`ye
> ar'a
  3.         }
(1,510 missing values generated)
(1,689 missing values generated)
(1,790 missing values generated)

.         
. gen house_avwage00_02 = (house_sum_wage_2000a + house_sum_wage_2001a + house_
> sum_wage_2002a)/3
(2,124 missing values generated)

. 
. *Generate dummy for above median household salary       
. sum house_avwage00_02, detail

                      house_avwage00_02
-------------------------------------------------------------
      Percentiles      Smallest
 1%            0              0
 5%            0              0
10%         1682              0       Obs              22,975
25%     42848.67              0       Sum of Wgt.      22,975

50%       105066                      Mean           144539.9
                        Largest       Std. Dev.      161489.8
75%     198026.3        2702040
90%     316821.7        2740905       Variance       2.61e+10
95%     414157.7        3064296       Skewness       5.118723
99%     701901.3        5585889       Kurtosis       88.39085

. local med = r(p50)

. gen house_avwage00_02H = (house_avwage00_02>=`med')

. gen house_avwage00_02L = (house_avwage00_02<`med')

. 
. /**************************************************
> II. DEFINE `after' AND `before' 
> ***************************************************/
. 
. gen before = (year == 2000)

. gen after = (year == 2001)

. 
. /**************************************************
> III. DEFINE TREATMENT AND CONTROL GROUPS
> ***************************************************/
. 
. gen treatment = (treated == 1)

. gen control = (treated == 0)

. 
. gen afterXtreatment = after * treatment

. 
. *** SET QUARTILES SAMPLES ***
. drop q1 q2 q3 q4

. gen q4 = 1

. gen q3 = (q != 4)

. gen q_1 = (q==1)

. gen q_2 = (q==2)

. gen q_3 = (q==3)

. gen q_4 = (q==4)

. 
. *** SET EXPERIMENT SAMPLE GROUPS ***
. rename inNE NE

. rename inRD RD

. rename inEL EL

. 
. ***Sum up all forms of education except university***
. foreach year in 2000 2001 2002 2003 2004 2005 2006 2007 2008 2009 2010 2011 2
> 012 2013 2014 2015 {
  2.         gen NonUniEduc`year' = col`year'+teach`year'+semeng`year'+other`ye
> ar'
  3.         gen NonUniEnrol`year' = max(B`year', C`year', S`year', O`year')
  4.         gen AtLeast3Uni`year' = (uni`year'>=3)
  5.         gen AtLeast4Uni`year' = (uni`year'>=4)
  6.         gen AtLeast5Uni`year' = (uni`year'>=5)
  7. }

. 
. ***Generate lag education for the 2000 cohort (E A B C S O educ uni col teach
>  semeng other)
. foreach var in E A B C S O educ uni col teach semeng other NonUniEduc NonUniE
> nrol AtLeast3Uni AtLeast4Uni AtLeast5Uni {
  2. foreach year in 2001 2002 2003 2004 2005 2006 2007 2008 2009 2010 2011 201
> 2 2013 2014 2015 {
  3.         local years_after_school = `year'-2001
  4.         gen `var'_`years_after_school'_afterSchool = `var'`year'
  5.         local yearMinus1 = `year'-1
  6.         replace `var'_`years_after_school'_afterSchool = `var'`yearMinus1'
>  if year==2000
  7.         }
  8.         }
(487 real changes made)
(571 real changes made)
(823 real changes made)
(878 real changes made)
(819 real changes made)
(692 real changes made)
(605 real changes made)
(229 real changes made)
(138 real changes made)
(97 real changes made)
(171 real changes made)
(75 real changes made)
(50 real changes made)
(55 real changes made)
(0 real changes made)
(163 real changes made)
(226 real changes made)
(373 real changes made)
(416 real changes made)
(408 real changes made)
(340 real changes made)
(209 real changes made)
(123 real changes made)
(93 real changes made)
(69 real changes made)
(78 real changes made)
(71 real changes made)
(43 real changes made)
(42 real changes made)
(0 real changes made)
(78 real changes made)
(80 real changes made)
(211 real changes made)
(291 real changes made)
(278 real changes made)
(270 real changes made)
(398 real changes made)
(141 real changes made)
(75 real changes made)
(89 real changes made)
(192 real changes made)
(64 real changes made)
(62 real changes made)
(46 real changes made)
(0 real changes made)
(118 real changes made)
(162 real changes made)
(138 real changes made)
(104 real changes made)
(78 real changes made)
(70 real changes made)
(54 real changes made)
(45 real changes made)
(78 real changes made)
(46 real changes made)
(38 real changes made)
(30 real changes made)
(27 real changes made)
(26 real changes made)
(0 real changes made)
(97 real changes made)
(100 real changes made)
(83 real changes made)
(108 real changes made)
(96 real changes made)
(111 real changes made)
(68 real changes made)
(41 real changes made)
(33 real changes made)
(19 real changes made)
(32 real changes made)
(13 real changes made)
(4 real changes made)
(14 real changes made)
(0 real changes made)
(63 real changes made)
(60 real changes made)
(82 real changes made)
(53 real changes made)
(83 real changes made)
(57 real changes made)
(39 real changes made)
(15 real changes made)
(15 real changes made)
(7 real changes made)
(9 real changes made)
(2 real changes made)
(3 real changes made)
(10 real changes made)
(0 real changes made)
(930 real changes made)
(1,182 real changes made)
(1,785 real changes made)
(2,329 real changes made)
(2,667 real changes made)
(2,865 real changes made)
(2,911 real changes made)
(2,385 real changes made)
(1,801 real changes made)
(1,490 real changes made)
(1,329 real changes made)
(1,020 real changes made)
(837 real changes made)
(713 real changes made)
(1 real change made)
(271 real changes made)
(462 real changes made)
(766 real changes made)
(1,088 real changes made)
(1,308 real changes made)
(1,415 real changes made)
(1,356 real changes made)
(1,177 real changes made)
(974 real changes made)
(758 real changes made)
(598 real changes made)
(499 real changes made)
(474 real changes made)
(371 real changes made)
(0 real changes made)
(98 real changes made)
(154 real changes made)
(333 real changes made)
(525 real changes made)
(633 real changes made)
(751 real changes made)
(948 real changes made)
(723 real changes made)
(395 real changes made)
(446 real changes made)
(484 real changes made)
(342 real changes made)
(220 real changes made)
(193 real changes made)
(0 real changes made)
(164 real changes made)
(292 real changes made)
(362 real changes made)
(371 real changes made)
(320 real changes made)
(267 real changes made)
(216 real changes made)
(186 real changes made)
(203 real changes made)
(154 real changes made)
(133 real changes made)
(105 real changes made)
(115 real changes made)
(109 real changes made)
(1 real change made)
(248 real changes made)
(159 real changes made)
(157 real changes made)
(197 real changes made)
(227 real changes made)
(272 real changes made)
(255 real changes made)
(208 real changes made)
(169 real changes made)
(110 real changes made)
(100 real changes made)
(67 real changes made)
(24 real changes made)
(25 real changes made)
(0 real changes made)
(127 real changes made)
(138 real changes made)
(164 real changes made)
(144 real changes made)
(168 real changes made)
(155 real changes made)
(129 real changes made)
(85 real changes made)
(67 real changes made)
(26 real changes made)
(17 real changes made)
(6 real changes made)
(4 real changes made)
(18 real changes made)
(0 real changes made)
(636 real changes made)
(711 real changes made)
(1,009 real changes made)
(1,229 real changes made)
(1,342 real changes made)
(1,434 real changes made)
(1,539 real changes made)
(1,194 real changes made)
(828 real changes made)
(734 real changes made)
(734 real changes made)
(518 real changes made)
(363 real changes made)
(344 real changes made)
(1 real change made)
(333 real changes made)
(348 real changes made)
(482 real changes made)
(501 real changes made)
(473 real changes made)
(438 real changes made)
(490 real changes made)
(189 real changes made)
(128 real changes made)
(102 real changes made)
(189 real changes made)
(76 real changes made)
(54 real changes made)
(60 real changes made)
(0 real changes made)
(1 real change made)
(98 real changes made)
(122 real changes made)
(188 real changes made)
(316 real changes made)
(323 real changes made)
(356 real changes made)
(266 real changes made)
(150 real changes made)
(84 real changes made)
(61 real changes made)
(37 real changes made)
(39 real changes made)
(21 real changes made)
(0 real changes made)
(0 real changes made)
(1 real change made)
(78 real changes made)
(107 real changes made)
(157 real changes made)
(225 real changes made)
(263 real changes made)
(289 real changes made)
(209 real changes made)
(133 real changes made)
(68 real changes made)
(45 real changes made)
(46 real changes made)
(24 real changes made)
(0 real changes made)
(0 real changes made)
(0 real changes made)
(1 real change made)
(55 real changes made)
(58 real changes made)
(92 real changes made)
(146 real changes made)
(179 real changes made)
(186 real changes made)
(142 real changes made)
(109 real changes made)
(62 real changes made)
(55 real changes made)
(33 real changes made)
(0 real changes made)

. 
.         
.         
.         
. foreach year in 2001 2002 2003 2004 2005 2006 2007 2008 2009 2010 2011 2012 2
> 013 {
  2.         local years_after_school = `year'-2001
  3.         gen sum_wage_`years_after_school'_afterSchool = sum_wage_`year'a
  4.         gen work_`years_after_school'_afterSchool = work_`year'a
  5.         *gen sum_wage_`years_after_school'_afterSchoolb = sum_wage_`year'b
.         *gen sum_wage_`years_after_school'_afterSchoolc = sum_wage_`year'c
.         local yearMinus1 = `year'-1
  6.         replace sum_wage_`years_after_school'_afterSchool = sum_wage_`year
> Minus1'a if year==2000
  7.         replace work_`years_after_school'_afterSchool = work_`yearMinus1'a
>  if year==2000
  8.         *replace sum_wage_`years_after_school'_afterSchoolb = sum_wage_`ye
> arMinus1'b if year==2000
.         *replace sum_wage_`years_after_school'_afterSchoolc = sum_wage_`yearM
> inus1'c if year==2000
.         }
(9,820 real changes made)
(4,798 real changes made)
(8,716 real changes made)
(4,629 real changes made)
(9,483 real changes made)
(3,614 real changes made)
(10,711 real changes made)
(2,915 real changes made)
(11,211 real changes made)
(1,929 real changes made)
(11,346 real changes made)
(1,523 real changes made)
(11,344 real changes made)
(1,272 real changes made)
(11,403 real changes made)
(1,094 real changes made)
(11,349 real changes made)
(1,291 real changes made)
(11,066 real changes made)
(1,196 real changes made)
(11,081 real changes made)
(1,026 real changes made)
(11,104 real changes made)
(964 real changes made)
(11,063 real changes made)
(880 real changes made)

. 
.         
.         
. 
. ***WITH CONTROLS - entire sample***
. 
. local i = 0

. 
. foreach sample in NE {  
  2. 
.         local i = `i' + 1
  3.                                                 
.         foreach group in q4  {
  4.         
.                 postfile values str50 rowKey year Gender Binteraction SEinter
> action using "results\automatic\\Dynamic_Graph_by_gender_`sample'_`group'_boy
> s_educ_Lag", replace          
  5.         
.                         preserve
  6.                         
.                         keep if `sample' == 1 & `group' == 1 
  7. 
.                         di "*************************************************
> **************"
  8.                         di "**********************************************
> *****************"
  9.                         di ""
 10.                         di "Sample: `sample'"
 11.                         di ""
 12.                         di "Group: `group'"
 13.                         di ""
 14.                         di "**********************************************
> *****************"
 15.                         di "**********************************************
> *****************"
 16.                         
.                         foreach var in sum_wage {
 17.                         foreach yearsAfterSchool in   0 1 2 3 4 5 6 7 8 9 
> 10 11{
 18.                                                 sum `var'_`yearsAfterSchoo
> l'_afterSchool [fweight=hoodWeight] if treatment ==1 &  year==2000 
 19.                          sum `var'_`yearsAfterSchool'_afterSchool  if trea
> tment ==1 &  year==2000
 20.                                 di "**************************************
> *******************"
 21.                                 di ""
 22.                                 di "SIMPLE DD with FE"
 23.                                 di ""
 24.                                 di "Outcome: `var'_`yearsAfterSchool'_afte
> rSchool"
 25.                                 di ""
 26.                                 di "Cohorts: 2000,2001"
 27.                                 di ""
 28.                                 di "Sample: `sample'"
 29.                                 di ""
 30.                                 di "**************************************
> *******************"
 31.                                 di ""
 32.                                                 
.                                 if `i' != 3 {
 33.                                 xi: reg `var'_`yearsAfterSchool'_afterScho
> ol afterXtreatment att_lgcr att_lgsc awr_lgcr e_awr_lgcr asiafr ole boy educa
> v educem m_ahim i.year i.school_code [fweight=hoodWeight] if boy==1, cluster(
> school_code) 
 34.                                 local B3boy`var'_`yearsAfterSchool'_afterS
> chool = _b[afterXtreatment]
 35.                                 local SE3boy`var'_`yearsAfterSchool'_after
> School = _se[afterXtreatment]
 36. 
.                                 xi: reg `var'_`yearsAfterSchool'_afterSchool 
> afterXtreatment att_lgcr att_lgsc awr_lgcr e_awr_lgcr asiafr ole boy educav e
> ducem m_ahim i.year i.school_code [fweight=hoodWeight] if boy==0, cluster(sch
> ool_code) 
 37.                                 local B3girl`var'_`yearsAfterSchool'_after
> School = _b[afterXtreatment]
 38.                                 local SE3girl`var'_`yearsAfterSchool'_afte
> rSchool = _se[afterXtreatment]
 39.                                 
.                                 }
 40.                                 
.                                 else{
 41.                                 xi: reg `var'_`yearsAfterSchool'_afterScho
> ol afterXtreatment att_lgcr att_lgsc awr_lgcr e_awr_lgcr asiafr ole boy educa
> v educem m_ahim i.year i.school_code, cluster(school_code)
 42.                                 }
 43.                                 
.                                 *local B0`var'_`yearsAfterSchool'_afterSchool
>  = _b[_cons]
. 
.                                 post values  ("`var'") (`yearsAfterSchool')  
> (1) (`B3boy`var'_`yearsAfterSchool'_afterSchool')  (`SE3boy`var'_`yearsAfterS
> chool'_afterSchool')
 44.                                 post values  ("`var'") (`yearsAfterSchool'
> )  (0) (`B3girl`var'_`yearsAfterSchool'_afterSchool')  (`SE3girl`var'_`yearsA
> fterSchool'_afterSchool')
 45.                                 
.                                 
.                                 // COUNTING NUMBER OF OBSERVATIONS
. 
.                                 count if treatment == 1 & before == 1
 46.                                 local ntb = r(N)
 47. 
.                                 count if (treatment == 1 | control == 1) & (a
> fter == 1 | before == 1) 
 48.                                 local n = r(N)
 49. 
.                                 *post values ("N OBS `sample'_treated_before"
> ) (`ntb') (.)
.                                 *post values ("N OBS `sample'") (`n') (.) 
.                                 
.                                 if `i' != 3{
 50.                                 su treatment if treatment == 1 & before ==
>  1 [fweight=hoodWeight] 
 51.                                 local wntb = r(N)
 52. 
.                                 *su E if (treatment == 1 | control == 1) & (a
> fter == 1 | before == 1)  [fweight=hoodWeight] 
.                                 *local wn = r(N)
.                                 
.                                 *post values ("Weighted N OBS `sample'+treate
> d_before")  (`wntb') (.)
.                                 *post values ("Weighted N OBS `sample'")  (`w
> n') (.) 
.                                 *post values ("") (.) (.)
.                                 }
 53.                                 
.                                 
.                                 }                               
 54.                                 
.                                 }
 55.                                                 
.                         
.                                 postclose values
 56.                                 
.                                 /********************************************
> ******
>                                 V. REFORMAT DATA TO CSV 
>                                 *********************************************
> ******/
. 
.                                 
.                                 use "results\automatic\\Dynamic_Graph_by_gend
> er_`sample'_`group'_boys_educ_Lag", clear
 57. 
.                                 
.                                 tw line Binteraction year if rowKey == "sum_w
> age" & Gender==0, yaxis(1) lpattern(dash)   || line Binteraction year if rowK
> ey == "sum_wage" & Gender==1, yaxis(1) xlabel(0 1 2 3 4 5 6 7 8 9 10 11,labsi
> ze(vsmall) grid) ytitle("New Israeli Shekels (NIS)", size(small))  ylabel(-60
> 00 -4000 -2000 0 2000 4000 6000 8000, ax(1) labsize(vsmall)) xtitle("Years si
> nce High School graduation", size(small)) legen(size(small) cols(1) order(1 2
> ) label(1 "Treatment estimate - boys") label(2 "Treatment estimate - girls"))
>  b1title("FIGURE 5 -" "Mean and treatment effect: annual earnings by gender, 
> prices in 2009 NIS (natural experiment sample)", ring(5) size(small)) graphre
> gion(color(white))
 58.                                 graph export "W:\victor_lavi\Incoming\olim
> 1\elior\Teachers Bonuses\results\automatic\Graph_5.eps", as(eps) preview(off)
>  replace
 59.                                 graph export "W:\victor_lavi\Incoming\olim
> 1\elior\Teachers Bonuses\results\automatic\Graph_5.pdf", as(pdf) replace
 60. *** no title
.                                 tw line Binteraction year if rowKey == "sum_w
> age" & Gender==0, yaxis(1) lpattern(dash)   || line Binteraction year if rowK
> ey == "sum_wage" & Gender==1, yaxis(1) xlabel(0 1 2 3 4 5 6 7 8 9 10 11,labsi
> ze(vsmall) grid) ytitle("New Israeli Shekels (NIS)", size(small))  ylabel(-60
> 00 -4000 -2000 0 2000 4000 6000 8000, ax(1) labsize(vsmall)) xtitle("Years si
> nce High School graduation", size(small)) legen(size(small) cols(1) order(1 2
> ) label(1 "Treatment estimate - boys") label(2 "Treatment estimate - girls"))
>  graphregion(color(white))
 61.                                 graph export "W:\victor_lavi\Incoming\olim
> 1\elior\Teachers Bonuses\results\automatic\Graph_5_no_title.eps", as(eps) pre
> view(off) replace
 62.                                 graph export "W:\victor_lavi\Incoming\olim
> 1\elior\Teachers Bonuses\results\automatic\Graph_5_no_title.pdf", as(pdf) rep
> lace
 63.         
.                                 outsheet using "results\automatic\\Dynamic_gr
> aphsGender_`sample'_`group'_all.csv", replace comma
 64. 
.                                 erase "results\automatic\\Dynamic_Graph_by_ge
> nder_`sample'_`group'_boys_educ_Lag.dta"
 65.                                 
.                                 restore
 66.                         
.                                 }
 67.                                 
.                 }
(note: file results\automatic\\Dynamic_Graph_by_gender_NE_q4_boys_educ_Lag.dta 
> not found)
(15,022 observations deleted)
***************************************************************
***************************************************************

Sample: NE

Group: q4

***************************************************************
***************************************************************

    Variable |        Obs        Mean    Std. Dev.       Min        Max
-------------+---------------------------------------------------------
sum_wage_0~l |      4,171    7624.449    11836.44          0   106105.9

    Variable |        Obs        Mean    Std. Dev.       Min        Max
-------------+---------------------------------------------------------
sum_wage_0~l |      2,703    7833.492    11938.06          0   106105.9
*********************************************************

SIMPLE DD with FE

Outcome: sum_wage_0_afterSchool

Cohorts: 2000,2001

Sample: NE

*********************************************************

i.year            _Iyear_2000-2001    (naturally coded; _Iyear_2000 omitted)
i.school_code     _Ischool_co_3-97    (naturally coded; _Ischool_co_3 omitted)
note: boy omitted because of collinearity
note: _Ischool_co_29 omitted because of collinearity
note: _Ischool_co_80 omitted because of collinearity

Linear regression                               Number of obs     =      7,710
                                                F(10, 33)         =          .
                                                Prob > F          =          .
                                                R-squared         =     0.0933
                                                Root MSE          =      12196

                           (Std. Err. adjusted for 34 clusters in school_code)
------------------------------------------------------------------------------
             |               Robust
sum_wage_0~l |      Coef.   Std. Err.      t    P>|t|     [95% Conf. Interval]
-------------+----------------------------------------------------------------
afterXtrea~t |   20.98623   1189.541     0.02   0.986    -2399.153    2441.125
    att_lgcr |   103.3078   170.1049     0.61   0.548    -242.7733    449.3889
    att_lgsc |   .6699253   14.74087     0.05   0.964    -29.32061    30.66046
    awr_lgcr |  -265.9896   155.1307    -1.71   0.096    -581.6054    49.62606
  e_awr_lgcr |  -329.3655   226.2843    -1.46   0.155    -789.7443    131.0132
      asiafr |   417.2801   641.8662     0.65   0.520    -888.6065    1723.167
         ole |   1004.505   1547.316     0.65   0.521    -2143.533    4152.544
         boy |          0  (omitted)
      educav |  -95.91535   76.20939    -1.26   0.217    -250.9645    59.13382
      educem |   14.12812   70.75522     0.20   0.843    -129.8245    158.0807
      m_ahim |    425.679   272.2868     1.56   0.128    -128.2926    979.6506
 _Iyear_2001 |   580.7843   1061.485     0.55   0.588    -1578.824    2740.392
_Ischool_~_8 |   4483.287   135.1976    33.16   0.000     4208.225    4758.348
_Ischool_~_9 |   4384.731   490.9288     8.93   0.000     3385.929    5383.533
_Ischool_~11 |   2359.722    571.487     4.13   0.000     1197.023    3522.421
_Ischool_~13 |  -726.9282    870.679    -0.83   0.410    -2498.338    1044.482
_Ischool_~24 |    348.646   780.3467     0.45   0.658    -1238.981    1936.273
_Ischool_~27 |  -1303.047   663.4348    -1.96   0.058    -2652.815    46.72128
_Ischool_~28 |  -1314.206   648.2308    -2.03   0.051    -2633.041    4.630004
_Ischool_~29 |          0  (omitted)
_Ischool_~30 |   642.7443   643.0264     1.00   0.325    -665.5027    1950.991
_Ischool_~33 |   6787.652   677.4444    10.02   0.000      5409.38    8165.923
_Ischool_~34 |   2016.514    1307.47     1.54   0.133    -643.5546    4676.583
_Ischool_~41 |  -704.8024   513.4607    -1.37   0.179    -1749.446    339.8412
_Ischool_~42 |   4638.287   453.5191    10.23   0.000     3715.596    5560.979
_Ischool_~43 |   2960.805   408.7473     7.24   0.000     2129.202    3792.407
_Ischool_~46 |   -570.738    375.246    -1.52   0.138    -1334.182    192.7059
_Ischool_~53 |   4767.988   626.6485     7.61   0.000     3493.062    6042.914
_Ischool_~55 |  -830.7634   765.4938    -1.09   0.286    -2388.172    726.6454
_Ischool_~56 |   3968.885   508.0991     7.81   0.000      2935.15     5002.62
_Ischool_~57 |  -1135.572   774.3833    -1.47   0.152    -2711.067    439.9227
_Ischool_~69 |    1918.06    623.105     3.08   0.004      650.343    3185.776
_Ischool_~70 |   706.5948   794.6061     0.89   0.380    -910.0435    2323.233
_Ischool_~71 |   7447.528   322.7467    23.08   0.000     6790.895    8104.161
_Ischool_~73 |   621.6173   558.1393     1.11   0.273    -513.9258     1757.16
_Ischool_~74 |   3716.942   542.6018     6.85   0.000      2613.01    4820.874
_Ischool_~75 |    4897.86   428.4721    11.43   0.000     4026.127    5769.593
_Ischool_~78 |  -205.1287    810.098    -0.25   0.802    -1853.285    1443.028
_Ischool_~79 |   7495.594   678.0612    11.05   0.000     6116.068     8875.12
_Ischool_~80 |          0  (omitted)
_Ischool_~82 |   2674.849   187.5965    14.26   0.000     2293.181    3056.517
_Ischool_~86 |   2095.488   592.4927     3.54   0.001     890.0525    3300.923
_Ischool_~87 |   2143.001   568.9472     3.77   0.001     985.4693    3300.533
_Ischool_~93 |  -157.8923   659.0396    -0.24   0.812    -1498.718    1182.934
_Ischool_~94 |  -67.21274   577.9039    -0.12   0.908    -1242.967    1108.542
_Ischool_~96 |   14183.93   807.8346    17.56   0.000     12540.38    15827.48
_Ischool_~97 |   14597.23   1030.895    14.16   0.000     12499.86    16694.61
       _cons |   7153.427   1150.163     6.22   0.000     4813.403     9493.45
------------------------------------------------------------------------------
i.year            _Iyear_2000-2001    (naturally coded; _Iyear_2000 omitted)
i.school_code     _Ischool_co_3-97    (naturally coded; _Ischool_co_3 omitted)
note: boy omitted because of collinearity
note: _Ischool_co_8 omitted because of collinearity
note: _Ischool_co_11 omitted because of collinearity
note: _Ischool_co_13 omitted because of collinearity
note: _Ischool_co_27 omitted because of collinearity
note: _Ischool_co_46 omitted because of collinearity
note: _Ischool_co_55 omitted because of collinearity

Linear regression                               Number of obs     =      8,193
                                                F(10, 29)         =          .
                                                Prob > F          =          .
                                                R-squared         =     0.0576
                                                Root MSE          =     9683.2

                           (Std. Err. adjusted for 30 clusters in school_code)
------------------------------------------------------------------------------
             |               Robust
sum_wage_0~l |      Coef.   Std. Err.      t    P>|t|     [95% Conf. Interval]
-------------+----------------------------------------------------------------
afterXtrea~t |  -900.8165    776.013    -1.16   0.255    -2487.941    686.3083
    att_lgcr |  -111.4111   103.7992    -1.07   0.292    -323.7042     100.882
    att_lgsc |  -5.208715   11.67521    -0.45   0.659    -29.08721    18.66978
    awr_lgcr |   45.37291   162.0819     0.28   0.782    -286.1218    376.8677
  e_awr_lgcr |  -261.3407    194.687    -1.34   0.190    -659.5204     136.839
      asiafr |   709.4617    300.041     2.36   0.025     95.80902    1323.114
         ole |  -2069.434   954.6899    -2.17   0.039    -4021.994   -116.8738
         boy |          0  (omitted)
      educav |  -3.547125    84.9427    -0.04   0.967    -177.2745    170.1802
      educem |   75.62906   69.61029     1.09   0.286    -66.73997    217.9981
      m_ahim |   134.4872   89.33978     1.51   0.143    -48.23316    317.2076
 _Iyear_2001 |   616.3794   612.6465     1.01   0.323    -636.6235    1869.382
_Ischool_~_8 |          0  (omitted)
_Ischool_~_9 |  -1881.813   392.7918    -4.79   0.000    -2685.162   -1078.464
_Ischool_~11 |          0  (omitted)
_Ischool_~13 |          0  (omitted)
_Ischool_~24 |  -7060.083   135.1831   -52.23   0.000    -7336.564   -6783.603
_Ischool_~27 |          0  (omitted)
_Ischool_~28 |   -4575.83   366.7259   -12.48   0.000    -5325.869   -3825.791
_Ischool_~29 |  -7126.679   817.7139    -8.72   0.000    -8799.091   -5454.266
_Ischool_~30 |  -3471.684   408.8457    -8.49   0.000    -4307.867     -2635.5
_Ischool_~33 |   3137.537   394.2564     7.96   0.000     2331.192    3943.882
_Ischool_~34 |  -4777.615   540.6598    -8.84   0.000    -5883.388   -3671.841
_Ischool_~41 |  -4619.653   358.7732   -12.88   0.000    -5353.427    -3885.88
_Ischool_~42 |  -1151.758   385.0622    -2.99   0.006    -1939.299   -364.2178
_Ischool_~43 |  -1423.697     417.18    -3.41   0.002    -2276.926   -570.4686
_Ischool_~46 |          0  (omitted)
_Ischool_~53 |   1079.336   437.7924     2.47   0.020     183.9502    1974.722
_Ischool_~55 |          0  (omitted)
_Ischool_~56 |  -5856.677   479.1342   -12.22   0.000    -6836.617   -4876.738
_Ischool_~57 |  -5108.812   295.0731   -17.31   0.000    -5712.304   -4505.319
_Ischool_~69 |  -1532.954   417.4878    -3.67   0.001    -2386.812   -679.0954
_Ischool_~70 |  -1945.363   506.6521    -3.84   0.001    -2981.583   -909.1431
_Ischool_~71 |  -1076.998   349.0033    -3.09   0.004     -1790.79   -363.2061
_Ischool_~73 |  -4979.817   515.3497    -9.66   0.000    -6033.826   -3925.809
_Ischool_~74 |  -1236.948   382.5233    -3.23   0.003    -2019.296   -454.6004
_Ischool_~75 |  -4435.349   414.4642   -10.70   0.000    -5283.023   -3587.674
_Ischool_~78 |  -5749.187   198.0316   -29.03   0.000    -6154.207   -5344.167
_Ischool_~79 |  -8007.896   513.1961   -15.60   0.000      -9057.5   -6958.292
_Ischool_~80 |  -5913.226   448.6929   -13.18   0.000    -6830.906   -4995.546
_Ischool_~82 |  -2022.461   419.0694    -4.83   0.000    -2879.555   -1165.368
_Ischool_~86 |  -2010.251   427.6231    -4.70   0.000    -2884.838   -1135.663
_Ischool_~87 |  -3604.427   386.7357    -9.32   0.000     -4395.39   -2813.464
_Ischool_~93 |  -5575.929   106.4263   -52.39   0.000    -5793.595   -5358.263
_Ischool_~94 |  -4828.653   396.0077   -12.19   0.000     -5638.58   -4018.726
_Ischool_~96 |  -8554.835   217.6752   -39.30   0.000    -9000.031   -8109.639
_Ischool_~97 |  -5551.507   217.0695   -25.57   0.000    -5995.464    -5107.55
       _cons |   9862.949   672.2629    14.67   0.000     8488.018    11237.88
------------------------------------------------------------------------------
  2,703
  10,077

    Variable |        Obs        Mean    Std. Dev.       Min        Max
-------------+---------------------------------------------------------
   treatment |      4,171           1           0          1          1

    Variable |        Obs        Mean    Std. Dev.       Min        Max
-------------+---------------------------------------------------------
sum_wage_1_~ |      4,171    7006.296    14163.21          0   132656.1

    Variable |        Obs        Mean    Std. Dev.       Min        Max
-------------+---------------------------------------------------------
sum_wage_1_~ |      2,703     7020.63    14322.35          0   132656.1
*********************************************************

SIMPLE DD with FE

Outcome: sum_wage_1_afterSchool

Cohorts: 2000,2001

Sample: NE

*********************************************************

i.year            _Iyear_2000-2001    (naturally coded; _Iyear_2000 omitted)
i.school_code     _Ischool_co_3-97    (naturally coded; _Ischool_co_3 omitted)
note: boy omitted because of collinearity
note: _Ischool_co_29 omitted because of collinearity
note: _Ischool_co_80 omitted because of collinearity

Linear regression                               Number of obs     =      7,710
                                                F(10, 33)         =          .
                                                Prob > F          =          .
                                                R-squared         =     0.2634
                                                Root MSE          =      12122

                           (Std. Err. adjusted for 34 clusters in school_code)
------------------------------------------------------------------------------
             |               Robust
sum_wage_1_~ |      Coef.   Std. Err.      t    P>|t|     [95% Conf. Interval]
-------------+----------------------------------------------------------------
afterXtrea~t |  -645.0514   1005.703    -0.64   0.526    -2691.169    1401.066
    att_lgcr |   303.4846   147.1541     2.06   0.047     4.097305     602.872
    att_lgsc |   16.62327    18.8768     0.88   0.385    -21.78187    55.02841
    awr_lgcr |  -361.8821   149.0798    -2.43   0.021    -665.1873   -58.57702
  e_awr_lgcr |   -176.664   203.1367    -0.87   0.391    -589.9487    236.6207
      asiafr |  -25.58274    424.581    -0.06   0.952    -889.3992    838.2337
         ole |   2014.551   1891.814     1.06   0.295    -1834.373    5863.475
         boy |          0  (omitted)
      educav |  -91.54309   58.66954    -1.56   0.128    -210.9072    27.82099
      educem |   16.71394   74.40986     0.22   0.824    -134.6741    168.1019
      m_ahim |   141.9444   108.7169     1.31   0.201    -79.24169    363.1305
 _Iyear_2001 |  -1272.585   693.3227    -1.84   0.075    -2683.161    137.9906
_Ischool_~_8 |   5041.701   67.98353    74.16   0.000     4903.388    5180.015
_Ischool_~_9 |   4413.803   465.7607     9.48   0.000     3466.206      5361.4
_Ischool_~11 |   55.04227    606.387     0.09   0.928    -1178.661    1288.746
_Ischool_~13 |   2900.422   680.3619     4.26   0.000     1516.216    4284.629
_Ischool_~24 |   16967.04   708.9499    23.93   0.000     15524.68    18409.41
_Ischool_~27 |  -2084.925    491.875    -4.24   0.000    -3085.652   -1084.198
_Ischool_~28 |  -693.6098   607.8462    -1.14   0.262    -1930.282    543.0626
_Ischool_~29 |          0  (omitted)
_Ischool_~30 |   1194.969   625.2038     1.91   0.065    -77.01811    2466.955
_Ischool_~33 |   2501.283   591.1092     4.23   0.000     1298.662    3703.904
_Ischool_~34 |   750.0002   1005.595     0.75   0.461    -1295.898    2795.898
_Ischool_~41 |  -2280.369    409.246    -5.57   0.000    -3112.986   -1447.752
_Ischool_~42 |   1404.286   352.9103     3.98   0.000     686.2849    2122.288
_Ischool_~43 |  -440.9313   249.7674    -1.77   0.087     -949.087    67.22428
_Ischool_~46 |  -1152.583   231.7959    -4.97   0.000    -1624.176   -680.9909
_Ischool_~53 |   3628.615   526.8096     6.89   0.000     2556.813    4700.417
_Ischool_~55 |   1081.996   500.4372     2.16   0.038     63.84863    2100.143
_Ischool_~56 |   -1628.67   243.8356    -6.68   0.000    -2124.758   -1132.583
_Ischool_~57 |   1502.165   687.0977     2.19   0.036     104.2537    2900.075
_Ischool_~69 |   559.3828   472.0842     1.18   0.245    -401.0798    1519.845
_Ischool_~70 |    3400.35   644.8022     5.27   0.000      2088.49     4712.21
_Ischool_~71 |     6571.2   267.9792    24.52   0.000     6025.992    7116.408
_Ischool_~73 |  -1177.259   489.3152    -2.41   0.022    -2172.778   -181.7401
_Ischool_~74 |   835.8226   262.2279     3.19   0.003     302.3159    1369.329
_Ischool_~75 |   803.9799   205.7366     3.91   0.000     385.4055    1222.554
_Ischool_~78 |  -1450.686   563.8462    -2.57   0.015     -2597.84   -303.5326
_Ischool_~79 |   15489.13   485.3017    31.92   0.000     14501.78    16476.48
_Ischool_~80 |          0  (omitted)
_Ischool_~82 |  -684.0631   136.8449    -5.00   0.000    -962.4761   -405.6501
_Ischool_~86 |    454.781   564.7314     0.81   0.426    -694.1737    1603.736
_Ischool_~87 |   2670.116   231.5207    11.53   0.000     2199.084    3141.149
_Ischool_~93 |    -248.76   516.5876    -0.48   0.633    -1299.765    802.2453
_Ischool_~94 |  -628.9855   642.7127    -0.98   0.335    -1936.594    678.6233
_Ischool_~96 |    31793.8   813.6305    39.08   0.000     30138.45    33449.14
_Ischool_~97 |   28382.22   1086.933    26.11   0.000     26170.83     30593.6
       _cons |   4191.061   1518.688     2.76   0.009     1101.268    7280.854
------------------------------------------------------------------------------
i.year            _Iyear_2000-2001    (naturally coded; _Iyear_2000 omitted)
i.school_code     _Ischool_co_3-97    (naturally coded; _Ischool_co_3 omitted)
note: boy omitted because of collinearity
note: _Ischool_co_8 omitted because of collinearity
note: _Ischool_co_11 omitted because of collinearity
note: _Ischool_co_13 omitted because of collinearity
note: _Ischool_co_27 omitted because of collinearity
note: _Ischool_co_46 omitted because of collinearity
note: _Ischool_co_55 omitted because of collinearity

Linear regression                               Number of obs     =      8,193
                                                F(10, 29)         =          .
                                                Prob > F          =          .
                                                R-squared         =     0.0441
                                                Root MSE          =      10656

                           (Std. Err. adjusted for 30 clusters in school_code)
------------------------------------------------------------------------------
             |               Robust
sum_wage_1_~ |      Coef.   Std. Err.      t    P>|t|     [95% Conf. Interval]
-------------+----------------------------------------------------------------
afterXtrea~t |   1608.457   984.7925     1.63   0.113    -405.6694    3622.584
    att_lgcr |   70.53805   153.3912     0.46   0.649    -243.1822    384.2583
    att_lgsc |  -30.53459   15.59483    -1.96   0.060    -62.42959    1.360409
    awr_lgcr |   95.78752   244.5817     0.39   0.698    -404.4383    596.0133
  e_awr_lgcr |  -76.70694   451.5256    -0.17   0.866     -1000.18    846.7666
      asiafr |  -247.8286   241.5531    -1.03   0.313    -741.8601    246.2029
         ole |   3404.938   1233.589     2.76   0.010     881.9646    5927.911
         boy |          0  (omitted)
      educav |   -82.5519   57.02724    -1.45   0.158    -199.1857    34.08189
      educem |   63.43172   42.80414     1.48   0.149    -24.11258     150.976
      m_ahim |  -189.2853   263.6612    -0.72   0.479     -728.533    349.9625
 _Iyear_2001 |   -1960.24   953.8107    -2.06   0.049    -3911.002   -9.478201
_Ischool_~_8 |          0  (omitted)
_Ischool_~_9 |  -4496.975   586.2278    -7.67   0.000    -5695.945   -3298.004
_Ischool_~11 |          0  (omitted)
_Ischool_~13 |          0  (omitted)
_Ischool_~24 |   1889.966   406.9669     4.64   0.000     1057.626    2722.307
_Ischool_~27 |          0  (omitted)
_Ischool_~28 |  -2509.812   446.9245    -5.62   0.000    -3423.876   -1595.749
_Ischool_~29 |  -5052.703   2069.809    -2.44   0.021    -9285.937   -819.4686
_Ischool_~30 |  -2397.743   786.4048    -3.05   0.005    -4006.122   -789.3649
_Ischool_~33 |  -3658.706   461.4676    -7.93   0.000    -4602.513   -2714.898
_Ischool_~34 |   431.3772   732.4237     0.59   0.560    -1066.597    1929.352
_Ischool_~41 |  -1650.033   341.2063    -4.84   0.000    -2347.879   -952.1881
_Ischool_~42 |    -393.67   498.0215    -0.79   0.436    -1412.238    624.8983
_Ischool_~43 |  -3707.911   566.8959    -6.54   0.000    -4867.343   -2548.479
_Ischool_~46 |          0  (omitted)
_Ischool_~53 |  -722.6762   1120.564    -0.64   0.524    -3014.486    1569.134
_Ischool_~55 |          0  (omitted)
_Ischool_~56 |  -2801.899   1182.721    -2.37   0.025    -5220.835   -382.9629
_Ischool_~57 |  -1450.378    286.062    -5.07   0.000    -2035.441   -865.3158
_Ischool_~69 |  -2237.972   404.9972    -5.53   0.000    -3066.284    -1409.66
_Ischool_~70 |  -988.0748   855.8974    -1.15   0.258    -2738.582    762.4319
_Ischool_~71 |   904.3459    344.086     2.63   0.014     200.6111    1608.081
_Ischool_~73 |   3551.033   714.6593     4.97   0.000     2089.391    5012.676
_Ischool_~74 |  -2383.207   454.3306    -5.25   0.000    -3312.418   -1453.997
_Ischool_~75 |  -308.2688   642.2898    -0.48   0.635    -1621.899    1005.361
_Ischool_~78 |   -2971.29   399.6857    -7.43   0.000    -3788.739   -2153.841
_Ischool_~79 |  -3422.833   663.4408    -5.16   0.000    -4779.722   -2065.944
_Ischool_~80 |   2151.092   596.4622     3.61   0.001     931.1898    3370.994
_Ischool_~82 |  -2895.741   568.2858    -5.10   0.000    -4058.016   -1733.466
_Ischool_~86 |  -3889.956   665.4457    -5.85   0.000    -5250.946   -2528.967
_Ischool_~87 |  -1493.638   639.6447    -2.34   0.027    -2801.858   -185.4177
_Ischool_~93 |  -2308.426   299.2562    -7.71   0.000    -2920.474   -1696.378
_Ischool_~94 |  -2590.338   471.5768    -5.49   0.000    -3554.821   -1625.855
_Ischool_~96 |   1863.159   744.4385     2.50   0.018     340.6108    3385.706
_Ischool_~97 |   942.7677   562.7092     1.68   0.105    -208.1019    2093.637
       _cons |   8939.321   1112.797     8.03   0.000     6663.395    11215.25
------------------------------------------------------------------------------
  2,703
  10,077

    Variable |        Obs        Mean    Std. Dev.       Min        Max
-------------+---------------------------------------------------------
   treatment |      4,171           1           0          1          1

    Variable |        Obs        Mean    Std. Dev.       Min        Max
-------------+---------------------------------------------------------
sum_wage_2~l |      4,171    8979.139    16564.01          0   341572.4

    Variable |        Obs        Mean    Std. Dev.       Min        Max
-------------+---------------------------------------------------------
sum_wage_2~l |      2,703    9079.253    16694.28          0   341572.4
*********************************************************

SIMPLE DD with FE

Outcome: sum_wage_2_afterSchool

Cohorts: 2000,2001

Sample: NE

*********************************************************

i.year            _Iyear_2000-2001    (naturally coded; _Iyear_2000 omitted)
i.school_code     _Ischool_co_3-97    (naturally coded; _Ischool_co_3 omitted)
note: boy omitted because of collinearity
note: _Ischool_co_29 omitted because of collinearity
note: _Ischool_co_80 omitted because of collinearity

Linear regression                               Number of obs     =      7,710
                                                F(10, 33)         =          .
                                                Prob > F          =          .
                                                R-squared         =     0.1716
                                                Root MSE          =      15084

                           (Std. Err. adjusted for 34 clusters in school_code)
------------------------------------------------------------------------------
             |               Robust
sum_wage_2~l |      Coef.   Std. Err.      t    P>|t|     [95% Conf. Interval]
-------------+----------------------------------------------------------------
afterXtrea~t |   164.1735   953.3008     0.17   0.864    -1775.332    2103.678
    att_lgcr |   195.3964    340.293     0.57   0.570    -496.9349    887.7277
    att_lgsc |  -17.40342    15.4395    -1.13   0.268    -48.81532    14.00847
    awr_lgcr |  -367.2256    344.275    -1.07   0.294    -1067.658    333.2071
  e_awr_lgcr |   354.1795   226.7922     1.56   0.128    -107.2327    815.5918
      asiafr |  -326.6055   514.3668    -0.63   0.530    -1373.093    719.8816
         ole |   1421.384   2074.565     0.69   0.498     -2799.35    5642.119
         boy |          0  (omitted)
      educav |  -78.57077   76.72639    -1.02   0.313    -234.6718    77.53024
      educem |  -14.27925   71.75372    -0.20   0.843    -160.2633    131.7048
      m_ahim |   69.45255   235.5167     0.29   0.770    -409.7097    548.6148
 _Iyear_2001 |  -1613.179   674.0779    -2.39   0.023    -2984.601   -241.7575
_Ischool_~_8 |   3058.914   166.8272    18.34   0.000     2719.502    3398.326
_Ischool_~_9 |   9378.968   493.6763    19.00   0.000     8374.576    10383.36
_Ischool_~11 |   1423.166   523.9038     2.72   0.010     357.2756    2489.056
_Ischool_~13 |  -1560.568   685.1092    -2.28   0.029    -2954.433    -166.703
_Ischool_~24 |   15393.88   621.6705    24.76   0.000     14129.08    16658.68
_Ischool_~27 |  -1548.716   580.7854    -2.67   0.012    -2730.333   -367.0988
_Ischool_~28 |   590.6258   498.4706     1.18   0.245    -423.5202    1604.772
_Ischool_~29 |          0  (omitted)
_Ischool_~30 |   2965.972   474.2016     6.25   0.000     2001.202    3930.743
_Ischool_~33 |   3591.342   653.6848     5.49   0.000     2261.411    4921.274
_Ischool_~34 |   4497.363   1070.513     4.20   0.000     2319.387    6675.338
_Ischool_~41 |  -1302.334   557.9016    -2.33   0.026    -2437.393   -167.2743
_Ischool_~42 |   3955.757   400.3779     9.88   0.000     3141.182    4770.332
_Ischool_~43 |   263.9994   307.9996     0.86   0.398    -362.6306    890.6294
_Ischool_~46 |  -1667.973   299.0917    -5.58   0.000     -2276.48   -1059.466
_Ischool_~53 |   3517.891   494.9501     7.11   0.000     2510.908    4524.875
_Ischool_~55 |   2106.432   583.9983     3.61   0.001     918.2782    3294.585
_Ischool_~56 |  -1431.672   445.2851    -3.22   0.003    -2337.611   -525.7322
_Ischool_~57 |   640.5618   652.4807     0.98   0.333    -686.9202    1968.044
_Ischool_~69 |   3936.967   533.8402     7.37   0.000     2850.861    5023.073
_Ischool_~70 |   4453.784   519.2554     8.58   0.000     3397.351    5510.217
_Ischool_~71 |   9896.329   381.0625    25.97   0.000     9121.051    10671.61
_Ischool_~73 |  -1901.742   792.2189    -2.40   0.022    -3513.524   -289.9606
_Ischool_~74 |   1254.621   490.4242     2.56   0.015     256.8453    2252.396
_Ischool_~75 |   2052.117    338.818     6.06   0.000     1362.787    2741.448
_Ischool_~78 |  -1810.751    573.418    -3.16   0.003    -2977.379   -644.1231
_Ischool_~79 |   6441.878   554.2546    11.62   0.000     5314.239    7569.518
_Ischool_~80 |          0  (omitted)
_Ischool_~82 |   1255.821   187.9319     6.68   0.000      873.471    1638.172
_Ischool_~86 |   44.36545   460.8823     0.10   0.924    -893.3067    982.0376
_Ischool_~87 |   2168.847   510.6572     4.25   0.000     1129.907    3207.787
_Ischool_~93 |  -672.4515   462.3837    -1.45   0.155    -1613.178    268.2752
_Ischool_~94 |   391.2138   581.1762     0.67   0.506     -791.198    1573.626
_Ischool_~96 |   27054.88   887.3095    30.49   0.000     25249.64    28860.13
_Ischool_~97 |   26758.27   1129.332    23.69   0.000     24460.63    29055.91
       _cons |   6509.741   1584.656     4.11   0.000     3285.735    9733.748
------------------------------------------------------------------------------
i.year            _Iyear_2000-2001    (naturally coded; _Iyear_2000 omitted)
i.school_code     _Ischool_co_3-97    (naturally coded; _Ischool_co_3 omitted)
note: boy omitted because of collinearity
note: _Ischool_co_8 omitted because of collinearity
note: _Ischool_co_11 omitted because of collinearity
note: _Ischool_co_13 omitted because of collinearity
note: _Ischool_co_27 omitted because of collinearity
note: _Ischool_co_46 omitted because of collinearity
note: _Ischool_co_55 omitted because of collinearity

Linear regression                               Number of obs     =      8,193
                                                F(10, 29)         =          .
                                                Prob > F          =          .
                                                R-squared         =     0.0479
                                                Root MSE          =      13852

                           (Std. Err. adjusted for 30 clusters in school_code)
------------------------------------------------------------------------------
             |               Robust
sum_wage_2~l |      Coef.   Std. Err.      t    P>|t|     [95% Conf. Interval]
-------------+----------------------------------------------------------------
afterXtrea~t |   989.6489   874.0476     1.13   0.267    -797.9793    2777.277
    att_lgcr |  -91.96554    248.791    -0.37   0.714    -600.8003    416.8692
    att_lgsc |   5.758892   17.72556     0.32   0.748    -30.49395    42.01173
    awr_lgcr |   268.2684   208.0789     1.29   0.207    -157.3007    693.8375
  e_awr_lgcr |   219.1193   667.3392     0.33   0.745    -1145.743    1583.981
      asiafr |   358.0536   652.3232     0.55   0.587    -976.0971    1692.204
         ole |   3883.267   3841.673     1.01   0.320    -3973.836    11740.37
         boy |          0  (omitted)
      educav |   80.07592   106.0909     0.75   0.456    -136.9043    297.0561
      educem |   125.3508   88.03788     1.42   0.165    -54.70689    305.4085
      m_ahim |    72.9833   239.1383     0.31   0.762    -416.1095    562.0761
 _Iyear_2001 |  -1744.315   620.1909    -2.81   0.009    -3012.748    -475.882
_Ischool_~_8 |          0  (omitted)
_Ischool_~_9 |    2594.47   704.7117     3.68   0.001     1153.172    4035.767
_Ischool_~11 |          0  (omitted)
_Ischool_~13 |          0  (omitted)
_Ischool_~24 |  -2108.243   348.5234    -6.05   0.000    -2821.053   -1395.432
_Ischool_~27 |          0  (omitted)
_Ischool_~28 |  -786.8059   634.4416    -1.24   0.225    -2084.385    510.7729
_Ischool_~29 |  -4482.361   2818.359    -1.59   0.123    -10246.55     1281.83
_Ischool_~30 |  -1803.852     1116.2    -1.62   0.117    -4086.736    479.0331
_Ischool_~33 |   1541.603   1205.778     1.28   0.211    -924.4912    4007.697
_Ischool_~34 |   1563.092   1874.367     0.83   0.411     -2270.42    5396.603
_Ischool_~41 |   955.7638   426.0898     2.24   0.033     84.31231    1827.215
_Ischool_~42 |   2288.561   1013.255     2.26   0.032     216.2227    4360.899
_Ischool_~43 |  -704.8571   1095.147    -0.64   0.525    -2944.684     1534.97
_Ischool_~46 |          0  (omitted)
_Ischool_~53 |  -259.5038   1430.064    -0.18   0.857    -3184.314    2665.306
_Ischool_~55 |          0  (omitted)
_Ischool_~56 |  -870.3326   1698.326    -0.51   0.612      -4343.8    2603.135
_Ischool_~57 |   7029.861   414.2807    16.97   0.000     6182.562     7877.16
_Ischool_~69 |  -147.2433   958.5954    -0.15   0.879    -2107.791    1813.304
_Ischool_~70 |   -1360.72   1218.071    -1.12   0.273    -3851.955    1130.515
_Ischool_~71 |    2983.11   518.9582     5.75   0.000     1921.722    4044.499
_Ischool_~73 |   10590.03   772.4533    13.71   0.000     9010.187    12169.88
_Ischool_~74 |  -755.4755   931.6789    -0.81   0.424    -2660.973    1150.022
_Ischool_~75 |   1035.376   1073.837     0.96   0.343    -1160.868    3231.621
_Ischool_~78 |  -2598.677   509.6721    -5.10   0.000    -3641.074   -1556.281
_Ischool_~79 |  -3413.246   1246.145    -2.74   0.010    -5961.899   -864.5926
_Ischool_~80 |  -2424.882   1127.652    -2.15   0.040    -4731.189   -118.5743
_Ischool_~82 |  -1757.481   1117.701    -1.57   0.127    -4043.436    528.4745
_Ischool_~86 |  -1889.234   859.3258    -2.20   0.036    -3646.753   -131.7155
_Ischool_~87 |   171.3018   1001.396     0.17   0.865    -1876.782    2219.386
_Ischool_~93 |   -1816.99   363.3705    -5.00   0.000    -2560.166   -1073.814
_Ischool_~94 |  -2426.217   593.5826    -4.09   0.000    -3640.229   -1212.204
_Ischool_~96 |  -2835.856   821.6183    -3.45   0.002    -4516.254   -1155.458
_Ischool_~97 |  -3893.027   603.0526    -6.46   0.000    -5126.408   -2659.646
       _cons |   7696.128    1744.02     4.41   0.000     4129.206    11263.05
------------------------------------------------------------------------------
  2,703
  10,077

    Variable |        Obs        Mean    Std. Dev.       Min        Max
-------------+---------------------------------------------------------
   treatment |      4,171           1           0          1          1

    Variable |        Obs        Mean    Std. Dev.       Min        Max
-------------+---------------------------------------------------------
sum_wage_3~l |      4,171    15109.59    20153.42          0   134178.8

    Variable |        Obs        Mean    Std. Dev.       Min        Max
-------------+---------------------------------------------------------
sum_wage_3~l |      2,703    15995.88    20501.51          0   134178.8
*********************************************************

SIMPLE DD with FE

Outcome: sum_wage_3_afterSchool

Cohorts: 2000,2001

Sample: NE

*********************************************************

i.year            _Iyear_2000-2001    (naturally coded; _Iyear_2000 omitted)
i.school_code     _Ischool_co_3-97    (naturally coded; _Ischool_co_3 omitted)
note: boy omitted because of collinearity
note: _Ischool_co_29 omitted because of collinearity
note: _Ischool_co_80 omitted because of collinearity

Linear regression                               Number of obs     =      7,710
                                                F(10, 33)         =          .
                                                Prob > F          =          .
                                                R-squared         =     0.1397
                                                Root MSE          =      16306

                           (Std. Err. adjusted for 34 clusters in school_code)
------------------------------------------------------------------------------
             |               Robust
sum_wage_3~l |      Coef.   Std. Err.      t    P>|t|     [95% Conf. Interval]
-------------+----------------------------------------------------------------
afterXtrea~t |  -386.0498   1161.874    -0.33   0.742    -2749.901    1977.801
    att_lgcr |   289.9234   400.9138     0.72   0.475    -525.7418    1105.589
    att_lgsc |  -23.65885   21.56886    -1.10   0.281    -67.54103    20.22333
    awr_lgcr |  -515.4323   433.7029    -1.19   0.243    -1397.807    366.9428
  e_awr_lgcr |  -144.9113   262.2631    -0.55   0.584    -678.4896    388.6669
      asiafr |   167.1405   723.1348     0.23   0.819    -1304.088    1638.369
         ole |   3617.629   1803.801     2.01   0.053    -52.23205     7287.49
         boy |          0  (omitted)
      educav |  -211.5848   108.8365    -1.94   0.060    -433.0142    9.844639
      educem |   -81.0506   104.7597    -0.77   0.445    -294.1858    132.0846
      m_ahim |   488.2589   465.0437     1.05   0.301    -457.8797    1434.397
 _Iyear_2001 |   496.3322   777.8598     0.64   0.528    -1086.236      2078.9
_Ischool_~_8 |   3492.599   276.6002    12.63   0.000     2929.852    4055.346
_Ischool_~_9 |   8867.007   701.1444    12.65   0.000     7440.518     10293.5
_Ischool_~11 |   3467.441   543.7713     6.38   0.000     2361.129    4573.752
_Ischool_~13 |   803.9893   918.9657     0.87   0.388    -1065.661    2673.639
_Ischool_~24 |   12741.87    741.425    17.19   0.000     11233.43    14250.31
_Ischool_~27 |   -655.889   927.9213    -0.71   0.485    -2543.759    1231.981
_Ischool_~28 |   6930.118   650.4929    10.65   0.000      5606.68    8253.555
_Ischool_~29 |          0  (omitted)
_Ischool_~30 |   2723.671    552.563     4.93   0.000     1599.473    3847.869
_Ischool_~33 |   15008.99   781.6372    19.20   0.000     13418.73    16599.24
_Ischool_~34 |   10597.09   1562.862     6.78   0.000     7417.425    13776.76
_Ischool_~41 |   748.2492   675.7314     1.11   0.276    -626.5368    2123.035
_Ischool_~42 |   9694.532   508.8503    19.05   0.000     8659.268     10729.8
_Ischool_~43 |   6017.832   414.2789    14.53   0.000     5174.975    6860.688
_Ischool_~46 |  -1083.642    421.829    -2.57   0.015    -1941.859   -225.4242
_Ischool_~53 |   5178.717   526.0332     9.84   0.000     4108.495     6248.94
_Ischool_~55 |  -1203.454   712.2667    -1.69   0.101    -2652.571    245.6638
_Ischool_~56 |  -1377.944   868.4379    -1.59   0.122    -3144.794    388.9067
_Ischool_~57 |  -1499.941   869.3298    -1.73   0.094    -3268.605    268.7243
_Ischool_~69 |   6544.479   600.8395    10.89   0.000     5322.062    7766.896
_Ischool_~70 |   8459.464   658.7577    12.84   0.000     7119.211    9799.717
_Ischool_~71 |   10367.96    535.771    19.35   0.000     9277.924    11457.99
_Ischool_~73 |  -1410.677    1114.41    -1.27   0.214    -3677.961    856.6058
_Ischool_~74 |    5852.68   931.4114     6.28   0.000     3957.709     7747.65
_Ischool_~75 |   5210.923   679.1558     7.67   0.000      3829.17    6592.676
_Ischool_~78 |   600.2304   866.2136     0.69   0.493    -1162.094    2362.555
_Ischool_~79 |  -1124.479   580.2191    -1.94   0.061    -2304.944    55.98543
_Ischool_~80 |          0  (omitted)
_Ischool_~82 |   4937.511    290.744    16.98   0.000     4345.988    5529.034
_Ischool_~86 |   3535.826   672.0247     5.26   0.000     2168.581     4903.07
_Ischool_~87 |   3591.284   1021.209     3.52   0.001     1513.619    5668.949
_Ischool_~93 |  -45.36563   531.3742    -0.09   0.932    -1126.455    1035.723
_Ischool_~94 |   4537.439   775.5499     5.85   0.000      2959.57    6115.307
_Ischool_~96 |   22689.22   1135.926    19.97   0.000     20378.16    25000.28
_Ischool_~97 |   26332.59   1561.356    16.87   0.000     23155.99    29509.19
       _cons |   8971.332     2367.9     3.79   0.001     4153.803    13788.86
------------------------------------------------------------------------------
i.year            _Iyear_2000-2001    (naturally coded; _Iyear_2000 omitted)
i.school_code     _Ischool_co_3-97    (naturally coded; _Ischool_co_3 omitted)
note: boy omitted because of collinearity
note: _Ischool_co_8 omitted because of collinearity
note: _Ischool_co_11 omitted because of collinearity
note: _Ischool_co_13 omitted because of collinearity
note: _Ischool_co_27 omitted because of collinearity
note: _Ischool_co_46 omitted because of collinearity
note: _Ischool_co_55 omitted because of collinearity

Linear regression                               Number of obs     =      8,193
                                                F(10, 29)         =          .
                                                Prob > F          =          .
                                                R-squared         =     0.1083
                                                Root MSE          =      20508

                           (Std. Err. adjusted for 30 clusters in school_code)
------------------------------------------------------------------------------
             |               Robust
sum_wage_3~l |      Coef.   Std. Err.      t    P>|t|     [95% Conf. Interval]
-------------+----------------------------------------------------------------
afterXtrea~t |   -3222.76    1272.49    -2.53   0.017    -5825.293   -620.2262
    att_lgcr |  -261.3743   363.5902    -0.72   0.478        -1005    482.2512
    att_lgsc |   90.03259   53.52281     1.68   0.103    -19.43384     199.499
    awr_lgcr |   358.4713   282.6007     1.27   0.215     -219.512    936.4547
  e_awr_lgcr |   -1280.22   635.1752    -2.02   0.053    -2579.299    18.85946
      asiafr |   839.6887   881.5862     0.95   0.349    -963.3576    2642.735
         ole |    6981.08   4426.267     1.58   0.126    -2071.652    16033.81
         boy |          0  (omitted)
      educav |   71.45133   147.6696     0.48   0.632     -230.567    373.4697
      educem |   62.50003   116.4147     0.54   0.595    -175.5948    300.5949
      m_ahim |   644.6723   188.9427     3.41   0.002     258.2411    1031.103
 _Iyear_2001 |    2253.89   866.9246     2.60   0.015     480.8303     4026.95
_Ischool_~_8 |          0  (omitted)
_Ischool_~_9 |   12623.33    1597.14     7.90   0.000     9356.814    15889.85
_Ischool_~11 |          0  (omitted)
_Ischool_~13 |          0  (omitted)
_Ischool_~24 |  -19528.26   619.8113   -31.51   0.000    -20795.91    -18260.6
_Ischool_~27 |          0  (omitted)
_Ischool_~28 |  -446.0188    1110.54    -0.40   0.691    -2717.328    1825.291
_Ischool_~29 |  -10539.17   1946.628    -5.41   0.000    -14520.47   -6557.867
_Ischool_~30 |  -3454.468   976.1572    -3.54   0.001    -5450.934   -1458.003
_Ischool_~33 |   6859.502   1759.832     3.90   0.001     3260.241    10458.76
_Ischool_~34 |  -3954.587   2641.359    -1.50   0.145    -9356.773    1447.598
_Ischool_~41 |  -924.6721   1266.608    -0.73   0.471    -3515.176    1665.832
_Ischool_~42 |   1298.282   1477.077     0.88   0.387    -1722.679    4319.244
_Ischool_~43 |   2769.795   1378.858     2.01   0.054    -50.28619    5589.877
_Ischool_~46 |          0  (omitted)
_Ischool_~53 |  -239.5533   942.3438    -0.25   0.801    -2166.863    1687.756
_Ischool_~55 |          0  (omitted)
_Ischool_~56 |   -7185.67   1292.433    -5.56   0.000    -9828.992   -4542.349
_Ischool_~57 |   2050.011   1367.672     1.50   0.145    -747.1923    4847.213
_Ischool_~69 |  -1447.438   2010.828    -0.72   0.477    -5560.044    2665.167
_Ischool_~70 |  -273.5028   1361.707    -0.20   0.842    -3058.505      2511.5
_Ischool_~71 |   2966.087   1421.366     2.09   0.046     59.06597    5873.107
_Ischool_~73 |   5193.602   1023.182     5.08   0.000     3100.961    7286.244
_Ischool_~74 |  -464.0224   1384.426    -0.34   0.740    -3295.491    2367.447
_Ischool_~75 |   -2373.72   1586.651    -1.50   0.145    -5618.786    871.3456
_Ischool_~78 |  -4950.431     643.82    -7.69   0.000    -6267.191   -3633.672
_Ischool_~79 |  -13841.88   1558.927    -8.88   0.000    -17030.25   -10653.52
_Ischool_~80 |   -13503.7   1253.259   -10.77   0.000     -16066.9    -10940.5
_Ischool_~82 |   44.56207   1285.727     0.03   0.973    -2585.045    2674.169
_Ischool_~86 |   -31.1481    1242.16    -0.03   0.980    -2571.651    2509.354
_Ischool_~87 |   2244.327   1656.491     1.35   0.186    -1143.577    5632.231
_Ischool_~93 |  -5716.114   312.5944   -18.29   0.000    -6355.442   -5076.787
_Ischool_~94 |  -1116.823   1269.046    -0.88   0.386    -3712.313    1478.667
_Ischool_~96 |  -17893.58   1291.836   -13.85   0.000    -20535.68   -15251.48
_Ischool_~97 |  -18631.71   1019.565   -18.27   0.000    -20716.95   -16546.47
       _cons |   15778.17   1755.337     8.99   0.000     12188.11    19368.24
------------------------------------------------------------------------------
  2,703
  10,077

    Variable |        Obs        Mean    Std. Dev.       Min        Max
-------------+---------------------------------------------------------
   treatment |      4,171           1           0          1          1

    Variable |        Obs        Mean    Std. Dev.       Min        Max
-------------+---------------------------------------------------------
sum_wage_4~l |      4,171     24109.1     25832.9          0   156341.5

    Variable |        Obs        Mean    Std. Dev.       Min        Max
-------------+---------------------------------------------------------
sum_wage_4~l |      2,703    25670.76    25773.53          0   156341.5
*********************************************************

SIMPLE DD with FE

Outcome: sum_wage_4_afterSchool

Cohorts: 2000,2001

Sample: NE

*********************************************************

i.year            _Iyear_2000-2001    (naturally coded; _Iyear_2000 omitted)
i.school_code     _Ischool_co_3-97    (naturally coded; _Ischool_co_3 omitted)
note: boy omitted because of collinearity
note: _Ischool_co_29 omitted because of collinearity
note: _Ischool_co_80 omitted because of collinearity

Linear regression                               Number of obs     =      7,710
                                                F(10, 33)         =          .
                                                Prob > F          =          .
                                                R-squared         =     0.0789
                                                Root MSE          =      27082

                           (Std. Err. adjusted for 34 clusters in school_code)
------------------------------------------------------------------------------
             |               Robust
sum_wage_4~l |      Coef.   Std. Err.      t    P>|t|     [95% Conf. Interval]
-------------+----------------------------------------------------------------
afterXtrea~t |  -5336.024    3588.38    -1.49   0.147    -12636.64     1964.59
    att_lgcr |   1045.261   365.5714     2.86   0.007        301.5    1789.021
    att_lgsc |   14.19363   30.69651     0.46   0.647    -48.25888    76.64614
    awr_lgcr |   -1196.23   442.5592    -2.70   0.011    -2096.623   -295.8364
  e_awr_lgcr |  -830.9193   490.9851    -1.69   0.100    -1829.836    167.9974
      asiafr |   2936.319    1258.95     2.33   0.026     374.9665    5497.672
         ole |   5818.981   3998.146     1.46   0.155    -2315.308    13953.27
         boy |          0  (omitted)
      educav |  -316.4381   160.6127    -1.97   0.057     -643.207    10.33082
      educem |  -187.5603   160.1231    -1.17   0.250    -513.3331    138.2125
      m_ahim |   302.2174   495.9937     0.61   0.546    -706.8893    1311.324
 _Iyear_2001 |   6233.524   3342.041     1.87   0.071    -565.9088    13032.96
_Ischool_~_8 |   4547.527   348.9426    13.03   0.000     3837.598    5257.456
_Ischool_~_9 |   16101.16   1771.012     9.09   0.000     12498.01    19704.31
_Ischool_~11 |   15924.99   1989.479     8.00   0.000     11877.37    19972.62
_Ischool_~13 |   10579.14   2275.166     4.65   0.000     5950.283       15208
_Ischool_~24 |   9562.017   2455.729     3.89   0.000     4565.799    14558.24
_Ischool_~27 |  -5761.886   1969.292    -2.93   0.006     -9768.44   -1755.332
_Ischool_~28 |   17415.55   1770.635     9.84   0.000     13813.17    21017.94
_Ischool_~29 |          0  (omitted)
_Ischool_~30 |   11213.21   1925.155     5.82   0.000     7296.454    15129.97
_Ischool_~33 |   23852.97   1268.168    18.81   0.000     21272.86    26433.07
_Ischool_~34 |   15404.21   2440.963     6.31   0.000     10438.03    20370.39
_Ischool_~41 |   14254.41   1149.372    12.40   0.000     11915.99    16592.83
_Ischool_~42 |   21112.66   783.4915    26.95   0.000     19518.63    22706.68
_Ischool_~43 |   17524.65   625.5755    28.01   0.000      16251.9    18797.39
_Ischool_~46 |  -3286.184   531.7526    -6.18   0.000    -4368.042   -2204.325
_Ischool_~53 |    12952.3   1506.318     8.60   0.000     9887.671    16016.93
_Ischool_~55 |    2688.89   2041.068     1.32   0.197    -1463.695    6841.474
_Ischool_~56 |    15409.9   1118.976    13.77   0.000     13133.33    17686.48
_Ischool_~57 |   4473.123   2489.197     1.80   0.081     -591.187    9537.433
_Ischool_~69 |   14185.82   1061.752    13.36   0.000     12025.67    16345.97
_Ischool_~70 |   15189.71    1530.51     9.92   0.000     12075.87    18303.56
_Ischool_~71 |   17028.48   731.0577    23.29   0.000     15541.13    18515.83
_Ischool_~73 |    9005.36   1813.638     4.97   0.000     5315.486    12695.23
_Ischool_~74 |   16437.45   1046.981    15.70   0.000     14307.35    18567.55
_Ischool_~75 |   14510.69   750.0001    19.35   0.000     12984.81    16036.58
_Ischool_~78 |   7389.079    2248.35     3.29   0.002     2814.776    11963.38
_Ischool_~79 |  -7970.312   1831.698    -4.35   0.000    -11696.93   -4243.695
_Ischool_~80 |          0  (omitted)
_Ischool_~82 |   12488.39   386.0644    32.35   0.000     11702.93    13273.84
_Ischool_~86 |   15172.04   1561.389     9.72   0.000     11995.37    18348.71
_Ischool_~87 |   12189.53   1161.684    10.49   0.000     9826.063    14552.99
_Ischool_~93 |   9249.964   1872.985     4.94   0.000     5439.346    13060.58
_Ischool_~94 |   16855.74   1796.296     9.38   0.000     13201.15    20510.33
_Ischool_~96 |   11879.37   2701.019     4.40   0.000       6384.1    17374.63
_Ischool_~97 |   18664.27   3357.429     5.56   0.000     11833.53    25495.01
       _cons |   18531.39   3011.588     6.15   0.000     12404.27    24658.52
------------------------------------------------------------------------------
i.year            _Iyear_2000-2001    (naturally coded; _Iyear_2000 omitted)
i.school_code     _Ischool_co_3-97    (naturally coded; _Ischool_co_3 omitted)
note: boy omitted because of collinearity
note: _Ischool_co_8 omitted because of collinearity
note: _Ischool_co_11 omitted because of collinearity
note: _Ischool_co_13 omitted because of collinearity
note: _Ischool_co_27 omitted because of collinearity
note: _Ischool_co_46 omitted because of collinearity
note: _Ischool_co_55 omitted because of collinearity

Linear regression                               Number of obs     =      8,193
                                                F(10, 29)         =          .
                                                Prob > F          =          .
                                                R-squared         =     0.0991
                                                Root MSE          =      22708

                           (Std. Err. adjusted for 30 clusters in school_code)
------------------------------------------------------------------------------
             |               Robust
sum_wage_4~l |      Coef.   Std. Err.      t    P>|t|     [95% Conf. Interval]
-------------+----------------------------------------------------------------
afterXtrea~t |  -4113.093   1591.452    -2.58   0.015    -7367.978   -858.2075
    att_lgcr |   545.9667   383.8174     1.42   0.166     -239.028    1330.961
    att_lgsc |   67.44088   31.85309     2.12   0.043     2.294008    132.5878
    awr_lgcr |   -543.011   472.8932    -1.15   0.260    -1510.186    424.1642
  e_awr_lgcr |  -1855.678   789.9178    -2.35   0.026    -3471.242   -240.1151
      asiafr |   526.5881   1154.173     0.46   0.652    -1833.961    2887.137
         ole |    1943.51   2236.034     0.87   0.392    -2629.692    6516.713
         boy |          0  (omitted)
      educav |   36.28631   120.8144     0.30   0.766    -210.8069    283.3796
      educem |   6.122779   143.5941     0.04   0.966    -287.5601    299.8057
      m_ahim |  -11.39925   279.3871    -0.04   0.968    -582.8101    560.0116
 _Iyear_2001 |   4526.164   1417.766     3.19   0.003     1626.507    7425.821
_Ischool_~_8 |          0  (omitted)
_Ischool_~_9 |   17550.71   865.1662    20.29   0.000     15781.25    19320.18
_Ischool_~11 |          0  (omitted)
_Ischool_~13 |          0  (omitted)
_Ischool_~24 |  -24342.35    731.164   -33.29   0.000    -25837.75   -22846.95
_Ischool_~27 |          0  (omitted)
_Ischool_~28 |  -4069.567   958.7129    -4.24   0.000    -6030.355   -2108.779
_Ischool_~29 |  -13236.25    2113.93    -6.26   0.000    -17559.72   -8912.778
_Ischool_~30 |  -5645.173   1105.952    -5.10   0.000    -7907.099   -3383.247
_Ischool_~33 |   3891.022    1734.96     2.24   0.033     342.6313    7439.412
_Ischool_~34 |  -7381.031   1911.358    -3.86   0.001     -11290.2   -3471.865
_Ischool_~41 |  -715.4461    1383.32    -0.52   0.609    -3544.653    2113.761
_Ischool_~42 |  -2815.965   1552.454    -1.81   0.080    -5991.089    359.1586
_Ischool_~43 |  -1413.784   1337.258    -1.06   0.299    -4148.783    1321.216
_Ischool_~46 |          0  (omitted)
_Ischool_~53 |   1338.196   1290.422     1.04   0.308    -1301.014    3977.406
_Ischool_~55 |          0  (omitted)
_Ischool_~56 |  -10897.33   1446.487    -7.53   0.000    -13855.73   -7938.931
_Ischool_~57 |   3762.946   1235.612     3.05   0.005     1235.837    6290.056
_Ischool_~69 |  -5539.485   1686.849    -3.28   0.003    -8989.477   -2089.492
_Ischool_~70 |  -1718.584   1275.265    -1.35   0.188    -4326.793     889.626
_Ischool_~71 |    2040.73   1307.732     1.56   0.129    -633.8826    4715.343
_Ischool_~73 |   2051.167    1774.79     1.16   0.257    -1578.686    5681.021
_Ischool_~74 |  -3874.566   1157.369    -3.35   0.002    -6241.651   -1507.481
_Ischool_~75 |  -5727.235   1452.448    -3.94   0.000    -8697.825   -2756.645
_Ischool_~78 |  -7214.931   660.6243   -10.92   0.000    -8566.059   -5863.803
_Ischool_~79 |  -12896.74   1325.072    -9.73   0.000    -15606.81   -10186.66
_Ischool_~80 |  -10896.34   1290.716    -8.44   0.000    -13536.15   -8256.532
_Ischool_~82 |  -5554.857   1198.954    -4.63   0.000    -8006.992   -3102.721
_Ischool_~86 |  -4040.646   1127.643    -3.58   0.001    -6346.935   -1734.357
_Ischool_~87 |  -1583.403   1535.307    -1.03   0.311    -4723.458    1556.651
_Ischool_~93 |  -6883.001   361.2896   -19.05   0.000    -7621.921   -6144.081
_Ischool_~94 |  -1639.968   997.6805    -1.64   0.111    -3680.454    400.5179
_Ischool_~96 |  -20026.18   1225.719   -16.34   0.000    -22533.05    -17519.3
_Ischool_~97 |  -19325.45     1143.1   -16.91   0.000    -21663.36   -16987.55
       _cons |   24116.81   1860.212    12.96   0.000     20312.25    27921.37
------------------------------------------------------------------------------
  2,703
  10,077

    Variable |        Obs        Mean    Std. Dev.       Min        Max
-------------+---------------------------------------------------------
   treatment |      4,171           1           0          1          1

    Variable |        Obs        Mean    Std. Dev.       Min        Max
-------------+---------------------------------------------------------
sum_wage_5~l |      4,171    30725.37    28741.45          0   204339.3

    Variable |        Obs        Mean    Std. Dev.       Min        Max
-------------+---------------------------------------------------------
sum_wage_5~l |      2,703    31730.63    28598.68          0   204339.3
*********************************************************

SIMPLE DD with FE

Outcome: sum_wage_5_afterSchool

Cohorts: 2000,2001

Sample: NE

*********************************************************

i.year            _Iyear_2000-2001    (naturally coded; _Iyear_2000 omitted)
i.school_code     _Ischool_co_3-97    (naturally coded; _Ischool_co_3 omitted)
note: boy omitted because of collinearity
note: _Ischool_co_29 omitted because of collinearity
note: _Ischool_co_80 omitted because of collinearity

Linear regression                               Number of obs     =      7,710
                                                F(10, 33)         =          .
                                                Prob > F          =          .
                                                R-squared         =     0.0493
                                                Root MSE          =      31730

                           (Std. Err. adjusted for 34 clusters in school_code)
------------------------------------------------------------------------------
             |               Robust
sum_wage_5~l |      Coef.   Std. Err.      t    P>|t|     [95% Conf. Interval]
-------------+----------------------------------------------------------------
afterXtrea~t |  -3335.272   2939.516    -1.13   0.265    -9315.762    2645.218
    att_lgcr |   1360.015   395.1121     3.44   0.002     556.1531    2163.876
    att_lgsc |  -27.14569   34.27285    -0.79   0.434    -96.87433    42.58296
    awr_lgcr |  -1322.552   353.6757    -3.74   0.001     -2042.11   -602.9934
  e_awr_lgcr |  -956.6914   816.3012    -1.17   0.250    -2617.469    704.0859
      asiafr |  -72.87764   1697.494    -0.04   0.966    -3526.456    3380.701
         ole |   5884.337   4244.841     1.39   0.175    -2751.858    14520.53
         boy |          0  (omitted)
      educav |  -461.9119   147.6211    -3.13   0.004    -762.2492   -161.5745
      educem |   -399.832   180.8587    -2.21   0.034    -767.7918   -31.87222
      m_ahim |   1002.355   283.0819     3.54   0.001     426.4204    1578.289
 _Iyear_2001 |   4806.179   2444.724     1.97   0.058    -167.6499    9780.009
_Ischool_~_8 |   5405.546   187.3917    28.85   0.000     5024.295    5786.797
_Ischool_~_9 |   7338.244   2148.406     3.42   0.002     2967.279    11709.21
_Ischool_~11 |   13283.66   2003.602     6.63   0.000     9207.299    17360.02
_Ischool_~13 |   11063.86   2054.916     5.38   0.000     6883.097    15244.61
_Ischool_~24 |   4348.686   1925.049     2.26   0.031     432.1437    8265.229
_Ischool_~27 |  -3325.484   1538.295    -2.16   0.038    -6455.168   -195.7995
_Ischool_~28 |   9814.904    1967.08     4.99   0.000      5812.85    13816.96
_Ischool_~29 |          0  (omitted)
_Ischool_~30 |   8174.186   1584.282     5.16   0.000      4950.94    11397.43
_Ischool_~33 |   10769.34   1227.952     8.77   0.000     8271.055    13267.63
_Ischool_~34 |   16470.58   2453.917     6.71   0.000     11478.05    21463.12
_Ischool_~41 |   11086.02   1287.365     8.61   0.000     8466.856    13705.19
_Ischool_~42 |   14029.82   694.9546    20.19   0.000     12615.92    15443.72
_Ischool_~43 |   11216.04   588.4368    19.06   0.000     10018.85    12413.22
_Ischool_~46 |   1562.323    595.528     2.62   0.013     350.7127    2773.934
_Ischool_~53 |   12775.93   1207.663    10.58   0.000     10318.92    15232.94
_Ischool_~55 |   4582.567   1827.953     2.51   0.017     863.5691    8301.565
_Ischool_~56 |    9057.34   616.3891    14.69   0.000     7803.287    10311.39
_Ischool_~57 |   7886.965    2210.05     3.57   0.001     3390.586    12383.34
_Ischool_~69 |   9944.794   948.9152    10.48   0.000     8014.211    11875.38
_Ischool_~70 |   11479.75   1928.897     5.95   0.000     7555.376    15404.12
_Ischool_~71 |   13620.86    786.589    17.32   0.000     12020.53    15221.18
_Ischool_~73 |   11544.48   1647.795     7.01   0.000     8192.018    14896.95
_Ischool_~74 |   10243.98   807.9638    12.68   0.000     8600.164    11887.79
_Ischool_~75 |   15133.76   647.8593    23.36   0.000     13815.69    16451.84
_Ischool_~78 |   3444.943   1691.355     2.04   0.050      3.85468     6886.03
_Ischool_~79 |   -14571.3   2428.352    -6.00   0.000    -19511.82   -9630.777
_Ischool_~80 |          0  (omitted)
_Ischool_~82 |   6101.972   272.0263    22.43   0.000      5548.53    6655.414
_Ischool_~86 |   5991.816   1807.843     3.31   0.002     2313.732    9669.899
_Ischool_~87 |   11736.33   733.8251    15.99   0.000     10243.35    13229.31
_Ischool_~93 |   6331.915   1462.682     4.33   0.000     3356.066    9307.764
_Ischool_~94 |   14258.84   2203.671     6.47   0.000      9775.44    18742.25
_Ischool_~96 |    3234.65   2480.957     1.30   0.201    -1812.894    8282.195
_Ischool_~97 |   7696.855   2334.661     3.30   0.002     2946.951    12446.76
       _cons |   34634.55   2131.599    16.25   0.000     30297.78    38971.32
------------------------------------------------------------------------------
i.year            _Iyear_2000-2001    (naturally coded; _Iyear_2000 omitted)
i.school_code     _Ischool_co_3-97    (naturally coded; _Ischool_co_3 omitted)
note: boy omitted because of collinearity
note: _Ischool_co_8 omitted because of collinearity
note: _Ischool_co_11 omitted because of collinearity
note: _Ischool_co_13 omitted because of collinearity
note: _Ischool_co_27 omitted because of collinearity
note: _Ischool_co_46 omitted because of collinearity
note: _Ischool_co_55 omitted because of collinearity

Linear regression                               Number of obs     =      8,193
                                                F(10, 29)         =          .
                                                Prob > F          =          .
                                                R-squared         =     0.0900
                                                Root MSE          =      25279

                           (Std. Err. adjusted for 30 clusters in school_code)
------------------------------------------------------------------------------
             |               Robust
sum_wage_5~l |      Coef.   Std. Err.      t    P>|t|     [95% Conf. Interval]
-------------+----------------------------------------------------------------
afterXtrea~t |  -5179.483   2124.985    -2.44   0.021    -9525.566   -833.3998
    att_lgcr |    394.655   380.1929     1.04   0.308    -382.9268    1172.237
    att_lgsc |  -1.256393   39.33656    -0.03   0.975     -81.7087    79.19591
    awr_lgcr |  -38.33822   561.0811    -0.07   0.946    -1185.878    1109.202
  e_awr_lgcr |  -1597.466    693.041    -2.31   0.029    -3014.894   -180.0376
      asiafr |   818.8688   1047.261     0.78   0.441     -1323.02    2960.757
         ole |   175.6983   3927.013     0.04   0.965    -7855.944    8207.341
         boy |          0  (omitted)
      educav |  -265.7394    105.253    -2.52   0.017     -481.006    -50.4728
      educem |    296.957   154.2018     1.93   0.064    -18.42097    612.3351
      m_ahim |   309.3861   262.2757     1.18   0.248    -227.0279    845.8002
 _Iyear_2001 |   5007.404   2032.612     2.46   0.020     850.2461    9164.562
_Ischool_~_8 |          0  (omitted)
_Ischool_~_9 |   20285.45   826.0452    24.56   0.000        18596    21974.91
_Ischool_~11 |          0  (omitted)
_Ischool_~13 |          0  (omitted)
_Ischool_~24 |  -21371.77   654.8721   -32.64   0.000    -22711.14   -20032.41
_Ischool_~27 |          0  (omitted)
_Ischool_~28 |   1720.991    860.389     2.00   0.055    -38.70173    3480.684
_Ischool_~29 |  -8851.821   1876.373    -4.72   0.000    -12689.43   -5014.208
_Ischool_~30 |   1465.906   1031.987     1.42   0.166    -644.7436    3576.555
_Ischool_~33 |   9820.553   1341.874     7.32   0.000     7076.113    12564.99
_Ischool_~34 |   4982.554   1731.236     2.88   0.007     1441.779     8523.33
_Ischool_~41 |   4796.866   1058.683     4.53   0.000     2631.615    6962.116
_Ischool_~42 |   4233.301   1519.697     2.79   0.009     1125.171    7341.431
_Ischool_~43 |   1926.808   1414.073     1.36   0.183    -965.2952    4818.912
_Ischool_~46 |          0  (omitted)
_Ischool_~53 |   10337.47   1134.207     9.11   0.000     8017.753    12657.18
_Ischool_~55 |          0  (omitted)
_Ischool_~56 |   -2976.64   1455.288    -2.05   0.050    -5953.038   -.2415238
_Ischool_~57 |   12354.64   941.6788    13.12   0.000     10428.69    14280.59
_Ischool_~69 |   48.17618   1610.531     0.03   0.976    -3245.729    3342.081
_Ischool_~70 |   3417.238   1148.773     2.97   0.006     1067.734    5766.742
_Ischool_~71 |   9616.981    1350.77     7.12   0.000     6854.347    12379.62
_Ischool_~73 |   8272.164    1164.23     7.11   0.000     5891.046    10653.28
_Ischool_~74 |   251.4397   1283.584     0.20   0.846    -2373.784    2876.664
_Ischool_~75 |   114.6849   1360.998     0.08   0.933    -2668.868    2898.238
_Ischool_~78 |   -3895.14   591.6792    -6.58   0.000     -5105.26    -2685.02
_Ischool_~79 |  -6826.834   1541.009    -4.43   0.000    -9978.551   -3675.117
_Ischool_~80 |  -4236.571   1526.253    -2.78   0.010     -7358.11   -1115.033
_Ischool_~82 |  -3030.127   1443.048    -2.10   0.045    -5981.493   -78.76151
_Ischool_~86 |   3909.542   1032.484     3.79   0.001     1797.875    6021.209
_Ischool_~87 |    3003.74   1386.786     2.17   0.039     167.4435    5840.037
_Ischool_~93 |   924.2731   326.3339     2.83   0.008     256.8452    1591.701
_Ischool_~94 |   3356.944   1019.372     3.29   0.003     1272.094    5441.795
_Ischool_~96 |  -15142.03   859.3274   -17.62   0.000    -16899.55   -13384.51
_Ischool_~97 |  -16156.15   1053.245   -15.34   0.000    -18310.28   -14002.02
       _cons |   24777.15   2462.733    10.06   0.000     19740.29       29814
------------------------------------------------------------------------------
  2,703
  10,077

    Variable |        Obs        Mean    Std. Dev.       Min        Max
-------------+---------------------------------------------------------
   treatment |      4,171           1           0          1          1

    Variable |        Obs        Mean    Std. Dev.       Min        Max
-------------+---------------------------------------------------------
sum_wage_6~l |      4,171     36608.5    33400.29          0   234895.6

    Variable |        Obs        Mean    Std. Dev.       Min        Max
-------------+---------------------------------------------------------
sum_wage_6~l |      2,703    37437.34    33481.47          0   234895.6
*********************************************************

SIMPLE DD with FE

Outcome: sum_wage_6_afterSchool

Cohorts: 2000,2001

Sample: NE

*********************************************************

i.year            _Iyear_2000-2001    (naturally coded; _Iyear_2000 omitted)
i.school_code     _Ischool_co_3-97    (naturally coded; _Ischool_co_3 omitted)
note: boy omitted because of collinearity
note: _Ischool_co_29 omitted because of collinearity
note: _Ischool_co_80 omitted because of collinearity

Linear regression                               Number of obs     =      7,710
                                                F(10, 33)         =          .
                                                Prob > F          =          .
                                                R-squared         =     0.0457
                                                Root MSE          =      37024

                           (Std. Err. adjusted for 34 clusters in school_code)
------------------------------------------------------------------------------
             |               Robust
sum_wage_6~l |      Coef.   Std. Err.      t    P>|t|     [95% Conf. Interval]
-------------+----------------------------------------------------------------
afterXtrea~t |   1356.564   2732.239     0.50   0.623    -4202.219    6915.347
    att_lgcr |   1685.771   335.1033     5.03   0.000     1003.998    2367.544
    att_lgsc |  -6.690575   41.21269    -0.16   0.872    -90.53843    77.15728
    awr_lgcr |  -1903.526   489.5712    -3.89   0.000    -2899.566   -907.4858
  e_awr_lgcr |  -643.1472   1490.608    -0.43   0.669    -3675.813    2389.518
      asiafr |   1141.785   1221.296     0.93   0.357     -1342.96    3626.531
         ole |   5138.009   4970.027     1.03   0.309    -4973.588    15249.61
         boy |          0  (omitted)
      educav |  -120.5086   197.8073    -0.61   0.547    -522.9505    281.9333
      educem |  -562.8087   207.8948    -2.71   0.011    -985.7739   -139.8435
      m_ahim |   430.9656   508.3094     0.85   0.403    -603.1976    1465.129
 _Iyear_2001 |    1933.29   1453.207     1.33   0.193    -1023.282    4889.862
_Ischool_~_8 |    1590.28   289.1917     5.50   0.000     1001.915    2178.645
_Ischool_~_9 |   6323.793   1663.218     3.80   0.001     2939.951    9707.635
_Ischool_~11 |   7323.913   1721.548     4.25   0.000     3821.397    10826.43
_Ischool_~13 |  -4079.005   2365.222    -1.72   0.094    -8891.085    733.0756
_Ischool_~24 |  -4159.011   2024.539    -2.05   0.048    -8277.967   -40.05422
_Ischool_~27 |  -13873.78   1430.466    -9.70   0.000    -16784.08   -10963.47
_Ischool_~28 |  -3706.055   1713.224    -2.16   0.038    -7191.636   -220.4738
_Ischool_~29 |          0  (omitted)
_Ischool_~30 |   2602.773   1460.446     1.78   0.084    -368.5272    5574.073
_Ischool_~33 |   6581.857   1553.267     4.24   0.000     3421.711    9742.003
_Ischool_~34 |   4939.159   3577.608     1.38   0.177    -2339.539    12217.86
_Ischool_~41 |  -4532.791   1253.289    -3.62   0.001    -7082.626   -1982.956
_Ischool_~42 |   8107.903   657.1825    12.34   0.000     6770.855    9444.951
_Ischool_~43 |  -708.4423   613.9875    -1.15   0.257    -1957.609    540.7245
_Ischool_~46 |  -7609.942   800.3521    -9.51   0.000    -9238.271   -5981.614
_Ischool_~53 |   10425.44   1173.051     8.89   0.000     8038.851    12812.03
_Ischool_~55 |    4697.26   1887.971     2.49   0.018     856.1538    8538.366
_Ischool_~56 |   1678.854   737.9517     2.28   0.030     177.4804    3180.228
_Ischool_~57 |  -73.16366   2256.964    -0.03   0.974    -4664.992    4518.665
_Ischool_~69 |  -1922.616   1332.182    -1.44   0.158    -4632.961    787.7285
_Ischool_~70 |  -4095.873   1841.749    -2.22   0.033    -7842.939   -348.8058
_Ischool_~71 |   7549.525   876.4338     8.61   0.000     5766.407    9332.643
_Ischool_~73 |  -702.4854   1484.827    -0.47   0.639    -3723.388    2318.417
_Ischool_~74 |   2552.876   1124.435     2.27   0.030     265.1948    4840.557
_Ischool_~75 |   6953.259   957.1202     7.26   0.000     5005.983    8900.534
_Ischool_~78 |  -10357.97   1845.714    -5.61   0.000     -14113.1   -6602.832
_Ischool_~79 |  -5719.176   1632.058    -3.50   0.001    -9039.623   -2398.728
_Ischool_~80 |          0  (omitted)
_Ischool_~82 |  -5541.773    334.006   -16.59   0.000    -6221.313   -4862.232
_Ischool_~86 |  -2901.212   1436.584    -2.02   0.052    -5823.964    21.54011
_Ischool_~87 |    3421.05   1162.728     2.94   0.006     1055.463    5786.638
_Ischool_~93 |  -2034.745   1500.642    -1.36   0.184    -5087.823    1018.334
_Ischool_~94 |   4871.174   1837.444     2.65   0.012     1132.866    8609.483
_Ischool_~96 |   -3855.39   2287.994    -1.69   0.101    -8510.348    799.5678
_Ischool_~97 |  -895.7079   2529.487    -0.35   0.726    -6041.988    4250.572
       _cons |   48402.23   2106.027    22.98   0.000     44117.49    52686.98
------------------------------------------------------------------------------
i.year            _Iyear_2000-2001    (naturally coded; _Iyear_2000 omitted)
i.school_code     _Ischool_co_3-97    (naturally coded; _Ischool_co_3 omitted)
note: boy omitted because of collinearity
note: _Ischool_co_8 omitted because of collinearity
note: _Ischool_co_11 omitted because of collinearity
note: _Ischool_co_13 omitted because of collinearity
note: _Ischool_co_27 omitted because of collinearity
note: _Ischool_co_46 omitted because of collinearity
note: _Ischool_co_55 omitted because of collinearity

Linear regression                               Number of obs     =      8,193
                                                F(10, 29)         =          .
                                                Prob > F          =          .
                                                R-squared         =     0.0774
                                                Root MSE          =      28190

                           (Std. Err. adjusted for 30 clusters in school_code)
------------------------------------------------------------------------------
             |               Robust
sum_wage_6~l |      Coef.   Std. Err.      t    P>|t|     [95% Conf. Interval]
-------------+----------------------------------------------------------------
afterXtrea~t |  -3470.872   1852.516    -1.87   0.071    -7259.692    317.9482
    att_lgcr |   134.1309   421.0967     0.32   0.752    -727.1086    995.3703
    att_lgsc |  -12.47755   49.07343    -0.25   0.801     -112.844    87.88888
    awr_lgcr |   645.1591   616.6062     1.05   0.304    -615.9422     1906.26
  e_awr_lgcr |   -1612.21   698.2064    -2.31   0.028    -3040.203    -184.218
      asiafr |   958.0366   1063.332     0.90   0.375    -1216.721    3132.795
         ole |   4519.877   2998.915     1.51   0.143    -1613.593    10653.35
         boy |          0  (omitted)
      educav |  -199.8488   154.8551    -1.29   0.207     -516.563    116.8655
      educem |   384.6813   193.7194     1.99   0.057    -11.51932    780.8818
      m_ahim |  -138.8319   307.1182    -0.45   0.655    -766.9591    489.2953
 _Iyear_2001 |   3462.257    1681.84     2.06   0.049     22.50843    6902.006
_Ischool_~_8 |          0  (omitted)
_Ischool_~_9 |   14092.64   1118.996    12.59   0.000     11804.04    16381.25
_Ischool_~11 |          0  (omitted)
_Ischool_~13 |          0  (omitted)
_Ischool_~24 |  -22661.71   842.2781   -26.91   0.000    -24384.37   -20939.06
_Ischool_~27 |          0  (omitted)
_Ischool_~28 |   1517.106   1164.588     1.30   0.203     -864.743    3898.955
_Ischool_~29 |  -8498.812   2276.795    -3.73   0.001    -13155.38   -3842.243
_Ischool_~30 |   2801.325   1359.559     2.06   0.048     20.71433    5581.936
_Ischool_~33 |   9078.818   1512.615     6.00   0.000     5985.173    12172.46
_Ischool_~34 |   7355.981   2327.666     3.16   0.004      2595.37    12116.59
_Ischool_~41 |   6455.096   1275.426     5.06   0.000     3846.558    9063.635
_Ischool_~42 |   4790.136   1819.726     2.63   0.013     1068.379    8511.893
_Ischool_~43 |   2048.835    1734.59     1.18   0.247    -1498.799    5596.469
_Ischool_~46 |          0  (omitted)
_Ischool_~53 |   9811.118   1398.609     7.01   0.000     6950.642    12671.59
_Ischool_~55 |          0  (omitted)
_Ischool_~56 |   -647.307   1581.445    -0.41   0.685    -3881.725    2587.111
_Ischool_~57 |   11051.37   1216.584     9.08   0.000     8563.179    13539.57
_Ischool_~69 |   469.1782   2083.135     0.23   0.823    -3791.312    4729.668
_Ischool_~70 |   2817.503   1597.088     1.76   0.088    -448.9088    6083.915
_Ischool_~71 |   11815.39   1509.614     7.83   0.000     8727.887     14902.9
_Ischool_~73 |   9228.836   1277.931     7.22   0.000     6615.173     11842.5
_Ischool_~74 |  -247.6376   1451.295    -0.17   0.866    -3215.869    2720.594
_Ischool_~75 |   3617.283   1742.421     2.08   0.047     53.63299    7180.933
_Ischool_~78 |   1265.777   728.3155     1.74   0.093    -223.7957    2755.349
_Ischool_~79 |  -5104.349   1725.619    -2.96   0.006    -8633.636   -1575.061
_Ischool_~80 |  -5787.119   1688.951    -3.43   0.002    -9241.411   -2332.827
_Ischool_~82 |   -1371.66    1490.15    -0.92   0.365    -4419.358    1676.039
_Ischool_~86 |    3452.46    1370.07     2.52   0.017     650.3514    6254.568
_Ischool_~87 |   3613.339   1667.485     2.17   0.039      202.949    7023.729
_Ischool_~93 |   681.7187   373.4071     1.83   0.078    -81.98466    1445.422
_Ischool_~94 |   3907.683   1316.586     2.97   0.006     1214.963    6600.403
_Ischool_~96 |  -13554.83   1051.204   -12.89   0.000    -15704.78   -11404.88
_Ischool_~97 |  -15685.29   1238.168   -12.67   0.000    -18217.63   -13152.95
       _cons |   27419.55   2959.496     9.26   0.000      21366.7     33472.4
------------------------------------------------------------------------------
  2,703
  10,077

    Variable |        Obs        Mean    Std. Dev.       Min        Max
-------------+---------------------------------------------------------
   treatment |      4,171           1           0          1          1

    Variable |        Obs        Mean    Std. Dev.       Min        Max
-------------+---------------------------------------------------------
sum_wage_7~l |      4,171    42324.35    38070.81          0   330240.3

    Variable |        Obs        Mean    Std. Dev.       Min        Max
-------------+---------------------------------------------------------
sum_wage_7~l |      2,703    43188.58    38098.08          0   330240.3
*********************************************************

SIMPLE DD with FE

Outcome: sum_wage_7_afterSchool

Cohorts: 2000,2001

Sample: NE

*********************************************************

i.year            _Iyear_2000-2001    (naturally coded; _Iyear_2000 omitted)
i.school_code     _Ischool_co_3-97    (naturally coded; _Ischool_co_3 omitted)
note: boy omitted because of collinearity
note: _Ischool_co_29 omitted because of collinearity
note: _Ischool_co_80 omitted because of collinearity

Linear regression                               Number of obs     =      7,710
                                                F(10, 33)         =          .
                                                Prob > F          =          .
                                                R-squared         =     0.0324
                                                Root MSE          =      41288

                           (Std. Err. adjusted for 34 clusters in school_code)
------------------------------------------------------------------------------
             |               Robust
sum_wage_7~l |      Coef.   Std. Err.      t    P>|t|     [95% Conf. Interval]
-------------+----------------------------------------------------------------
afterXtrea~t |   1543.887   3354.206     0.46   0.648    -5280.296    8368.069
    att_lgcr |   962.8931   604.1372     1.59   0.121    -266.2332    2192.019
    att_lgsc |   .4098341   52.20219     0.01   0.994    -105.7963     106.616
    awr_lgcr |  -917.5823   898.2951    -1.02   0.314    -2745.177    910.0128
  e_awr_lgcr |   1124.647   2160.095     0.52   0.606      -3270.1    5519.394
      asiafr |   445.4057   1007.965     0.44   0.661    -1605.315    2496.127
         ole |   7098.146    5139.48     1.38   0.177    -3358.204     17554.5
         boy |          0  (omitted)
      educav |  -78.54902   231.9484    -0.34   0.737    -550.4517    393.3536
      educem |   -522.835   270.8926    -1.93   0.062     -1073.97    28.30011
      m_ahim |    890.072   578.8962     1.54   0.134    -287.7012    2067.845
 _Iyear_2001 |   520.5359   1411.825     0.37   0.715    -2351.844    3392.915
_Ischool_~_8 |  -1140.585   383.7681    -2.97   0.005    -1921.367   -359.8031
_Ischool_~_9 |  -2348.003   1441.173    -1.63   0.113    -5280.091    584.0859
_Ischool_~11 |   5101.304   2268.466     2.25   0.031     486.0742    9716.533
_Ischool_~13 |  -9141.963   3310.562    -2.76   0.009    -15877.35   -2406.574
_Ischool_~24 |   -11425.1   2685.285    -4.25   0.000    -16888.35   -5961.842
_Ischool_~27 |  -16613.39   1458.666   -11.39   0.000    -19581.06   -13645.71
_Ischool_~28 |  -10171.55   1834.468    -5.54   0.000     -13903.8   -6439.292
_Ischool_~29 |          0  (omitted)
_Ischool_~30 |  -1594.268   1712.254    -0.93   0.359    -5077.876     1889.34
_Ischool_~33 |  -6666.435   1471.751    -4.53   0.000    -9660.733   -3672.136
_Ischool_~34 |   2760.943   3695.194     0.75   0.460    -4756.986    10278.87
_Ischool_~41 |  -2138.059   1508.195    -1.42   0.166    -5206.505    930.3867
_Ischool_~42 |   1861.658   767.8675     2.42   0.021     299.4199    3423.896
_Ischool_~43 |  -8506.903   712.3652   -11.94   0.000    -9956.221   -7057.585
_Ischool_~46 |  -12169.39    1012.71   -12.02   0.000    -14229.77   -10109.02
_Ischool_~53 |   4760.987   1356.119     3.51   0.001     2001.942    7520.032
_Ischool_~55 |   5125.318   2592.803     1.98   0.056    -149.7803    10400.42
_Ischool_~56 |  -1221.602   909.6272    -1.34   0.188    -3072.253    629.0481
_Ischool_~57 |  -3451.132   3001.318    -1.15   0.258    -9557.361    2655.096
_Ischool_~69 |  -5359.531   1312.631    -4.08   0.000    -8030.099   -2688.963
_Ischool_~70 |  -4029.011   1844.647    -2.18   0.036    -7781.973   -276.0492
_Ischool_~71 |   4155.937    711.477     5.84   0.000     2708.426    5603.448
_Ischool_~73 |  -7300.781   1685.704    -4.33   0.000    -10730.37   -3871.191
_Ischool_~74 |   4981.808   991.7523     5.02   0.000     2964.073    6999.544
_Ischool_~75 |   7162.486   914.5132     7.83   0.000     5301.895    9023.078
_Ischool_~78 |  -15613.35   2410.981    -6.48   0.000    -20518.53   -10708.18
_Ischool_~79 |   2026.528   1526.846     1.33   0.194    -1079.864     5132.92
_Ischool_~80 |          0  (omitted)
_Ischool_~82 |  -8123.458   301.2595   -26.96   0.000    -8736.375   -7510.541
_Ischool_~86 |  -7117.335   1549.523    -4.59   0.000    -10269.86   -3964.807
_Ischool_~87 |   3415.808   978.8894     3.49   0.001     1424.242    5407.373
_Ischool_~93 |  -7541.987   2037.891    -3.70   0.001    -11688.11   -3395.867
_Ischool_~94 |   1525.555   2106.243     0.72   0.474    -2759.628    5810.738
_Ischool_~96 |  -5319.403   2749.719    -1.93   0.062    -10913.75    274.9432
_Ischool_~97 |  -6330.294   3252.566    -1.95   0.060    -12947.69    287.1011
       _cons |   54895.99   3602.998    15.24   0.000     47565.64    62226.35
------------------------------------------------------------------------------
i.year            _Iyear_2000-2001    (naturally coded; _Iyear_2000 omitted)
i.school_code     _Ischool_co_3-97    (naturally coded; _Ischool_co_3 omitted)
note: boy omitted because of collinearity
note: _Ischool_co_8 omitted because of collinearity
note: _Ischool_co_11 omitted because of collinearity
note: _Ischool_co_13 omitted because of collinearity
note: _Ischool_co_27 omitted because of collinearity
note: _Ischool_co_46 omitted because of collinearity
note: _Ischool_co_55 omitted because of collinearity

Linear regression                               Number of obs     =      8,193
                                                F(10, 29)         =          .
                                                Prob > F          =          .
                                                R-squared         =     0.0819
                                                Root MSE          =      30491

                           (Std. Err. adjusted for 30 clusters in school_code)
------------------------------------------------------------------------------
             |               Robust
sum_wage_7~l |      Coef.   Std. Err.      t    P>|t|     [95% Conf. Interval]
-------------+----------------------------------------------------------------
afterXtrea~t |   1316.856   2096.547     0.63   0.535    -2971.063    5604.776
    att_lgcr |  -113.1422   475.8316    -0.24   0.814    -1086.327    860.0428
    att_lgsc |   68.86862   62.22054     1.11   0.277    -58.38667    196.1239
    awr_lgcr |   1211.779   625.2708     1.94   0.062    -67.04336    2490.602
  e_awr_lgcr |  -2427.924   690.7813    -3.51   0.001     -3840.73   -1015.118
      asiafr |   2587.496   711.1713     3.64   0.001     1132.988    4042.005
         ole |   3175.301   3310.416     0.96   0.345     -3595.26    9945.862
         boy |          0  (omitted)
      educav |  -1.576254   180.6462    -0.01   0.993    -371.0393    367.8868
      educem |   202.5993   113.8876     1.78   0.086    -30.32706    435.5257
      m_ahim |  -348.3819   336.8708    -1.03   0.310     -1037.36    340.5962
 _Iyear_2001 |  -2076.669   1691.468    -1.23   0.229    -5536.109     1382.77
_Ischool_~_8 |          0  (omitted)
_Ischool_~_9 |   11351.52   1864.995     6.09   0.000     7537.175    15165.86
_Ischool_~11 |          0  (omitted)
_Ischool_~13 |          0  (omitted)
_Ischool_~24 |   -26487.3     774.54   -34.20   0.000    -28071.41   -24903.19
_Ischool_~27 |          0  (omitted)
_Ischool_~28 |   804.1051   1707.942     0.47   0.641    -2689.028    4297.238
_Ischool_~29 |   -7576.99   2386.884    -3.17   0.004    -12458.72   -2695.263
_Ischool_~30 |    2957.88   1640.298     1.80   0.082    -396.9058    6312.666
_Ischool_~33 |   11247.43   1906.756     5.90   0.000     7347.674    15147.18
_Ischool_~34 |   9416.095   2798.727     3.36   0.002     3692.057    15140.13
_Ischool_~41 |   4144.391   1416.054     2.93   0.007     1248.236    7040.547
_Ischool_~42 |   -405.218   1673.221    -0.24   0.810    -3827.339    3016.903
_Ischool_~43 |   4610.321    1768.17     2.61   0.014     994.0076    8226.635
_Ischool_~46 |          0  (omitted)
_Ischool_~53 |   3631.801   1385.724     2.62   0.014     797.6758    6465.925
_Ischool_~55 |          0  (omitted)
_Ischool_~56 |  -1184.577   1361.227    -0.87   0.391    -3968.598    1599.444
_Ischool_~57 |   8332.665   1290.284     6.46   0.000     5693.737    10971.59
_Ischool_~69 |   270.2982   2338.205     0.12   0.909    -4511.868    5052.465
_Ischool_~70 |  -1226.954   2186.895    -0.56   0.579    -5699.657    3245.749
_Ischool_~71 |   10182.95   1380.744     7.37   0.000     7359.012    13006.89
_Ischool_~73 |   9828.494   1234.721     7.96   0.000     7303.207    12353.78
_Ischool_~74 |   1962.527   1449.839     1.35   0.186    -1002.728    4927.781
_Ischool_~75 |   3484.157   1580.688     2.20   0.036     251.2873    6717.026
_Ischool_~78 |   3568.584   858.2208     4.16   0.000     1813.325    5323.843
_Ischool_~79 |  -2182.901   1585.556    -1.38   0.179    -5425.728    1059.926
_Ischool_~80 |  -9339.184   1382.855    -6.75   0.000    -12167.44   -6510.928
_Ischool_~82 |  -2550.954   1240.359    -2.06   0.049    -5087.773   -14.13451
_Ischool_~86 |   781.5115   1978.356     0.40   0.696     -3264.68    4827.703
_Ischool_~87 |   4622.551     1770.2     2.61   0.014     1002.086    8243.017
_Ischool_~93 |  -2851.918   397.8321    -7.17   0.000    -3665.576    -2038.26
_Ischool_~94 |   3184.458   1951.799     1.63   0.114    -807.4196    7176.335
_Ischool_~96 |  -16106.48   1424.144   -11.31   0.000    -19019.18   -13193.78
_Ischool_~97 |  -16318.87   1188.591   -13.73   0.000    -18749.81   -13887.93
       _cons |   28399.62   3893.083     7.29   0.000     20437.37    36361.87
------------------------------------------------------------------------------
  2,703
  10,077

    Variable |        Obs        Mean    Std. Dev.       Min        Max
-------------+---------------------------------------------------------
   treatment |      4,171           1           0          1          1

    Variable |        Obs        Mean    Std. Dev.       Min        Max
-------------+---------------------------------------------------------
sum_wage_8~l |      4,171    47589.62    41550.94          0     306735

    Variable |        Obs        Mean    Std. Dev.       Min        Max
-------------+---------------------------------------------------------
sum_wage_8~l |      2,703    48686.42    41655.44          0     306735
*********************************************************

SIMPLE DD with FE

Outcome: sum_wage_8_afterSchool

Cohorts: 2000,2001

Sample: NE

*********************************************************

i.year            _Iyear_2000-2001    (naturally coded; _Iyear_2000 omitted)
i.school_code     _Ischool_co_3-97    (naturally coded; _Ischool_co_3 omitted)
note: boy omitted because of collinearity
note: _Ischool_co_29 omitted because of collinearity
note: _Ischool_co_80 omitted because of collinearity

Linear regression                               Number of obs     =      7,710
                                                F(10, 33)         =          .
                                                Prob > F          =          .
                                                R-squared         =     0.0329
                                                Root MSE          =      44502

                           (Std. Err. adjusted for 34 clusters in school_code)
------------------------------------------------------------------------------
             |               Robust
sum_wage_8~l |      Coef.   Std. Err.      t    P>|t|     [95% Conf. Interval]
-------------+----------------------------------------------------------------
afterXtrea~t |   3398.243   3224.394     1.05   0.300    -3161.837    9958.323
    att_lgcr |   975.3825   568.0845     1.72   0.095     -180.394    2131.159
    att_lgsc |   43.48328   50.83032     0.86   0.398    -59.93179    146.8983
    awr_lgcr |  -1083.028   645.4953    -1.68   0.103    -2396.298    230.2422
  e_awr_lgcr |   545.6019   1664.381     0.33   0.745    -2840.608    3931.811
      asiafr |   960.1653   1128.466     0.85   0.401    -1335.715    3256.046
         ole |   4998.686   6820.256     0.73   0.469    -8877.229     18874.6
         boy |          0  (omitted)
      educav |   102.5687   279.1499     0.37   0.716    -465.3661    670.5035
      educem |  -687.9909   332.0866    -2.07   0.046    -1363.626   -12.35559
      m_ahim |   963.5763   921.5302     1.05   0.303    -911.2909    2838.444
 _Iyear_2001 |  -9265.686   2261.284    -4.10   0.000     -13866.3   -4665.068
_Ischool_~_8 |    5546.31    292.911    18.94   0.000     4950.378    6142.242
_Ischool_~_9 |  -3073.759   2224.347    -1.38   0.176    -7599.226    1451.708
_Ischool_~11 |   5611.572   2257.435     2.49   0.018     1018.786    10204.36
_Ischool_~13 |   -9972.56   2975.968    -3.35   0.002    -16027.21   -3917.907
_Ischool_~24 |  -9340.773    3089.58    -3.02   0.005    -15626.57   -3054.976
_Ischool_~27 |  -15701.64   2037.058    -7.71   0.000    -19846.07   -11557.22
_Ischool_~28 |  -10478.79   2435.684    -4.30   0.000    -15434.23   -5523.355
_Ischool_~29 |          0  (omitted)
_Ischool_~30 |  -2011.773   1977.286    -1.02   0.316    -6034.592    2011.046
_Ischool_~33 |  -4490.899   884.5344    -5.08   0.000    -6290.498     -2691.3
_Ischool_~34 |   6471.737    2911.85     2.22   0.033     547.5326    12395.94
_Ischool_~41 |  -478.0681   2096.761    -0.23   0.821     -4743.96    3787.824
_Ischool_~42 |    2669.35    750.837     3.56   0.001      1141.76    4196.939
_Ischool_~43 |  -4935.832   763.9836    -6.46   0.000    -6490.168   -3381.496
_Ischool_~46 |  -7204.249   958.7915    -7.51   0.000    -9154.925   -5253.573
_Ischool_~53 |   8767.329   1518.616     5.77   0.000     5677.681    11856.98
_Ischool_~55 |   1229.673   2682.057     0.46   0.650    -4227.014     6686.36
_Ischool_~56 |   1488.283   1352.784     1.10   0.279    -1263.977    4240.543
_Ischool_~57 |   397.5353   3281.238     0.12   0.904    -6278.193    7073.264
_Ischool_~69 |  -891.3759   1504.299    -0.59   0.558    -3951.896    2169.144
_Ischool_~70 |  -3139.427    2382.75    -1.32   0.197    -7987.168    1708.313
_Ischool_~71 |   9543.597   996.9162     9.57   0.000     7515.356    11571.84
_Ischool_~73 |  -6513.709   2002.112    -3.25   0.003    -10587.04   -2440.381
_Ischool_~74 |     3858.3   1262.436     3.06   0.004     1289.855    6426.746
_Ischool_~75 |   11583.87   1183.078     9.79   0.000      9176.88    13990.86
_Ischool_~78 |   -12225.1   2564.663    -4.77   0.000    -17442.94    -7007.25
_Ischool_~79 |   -12396.9    1891.82    -6.55   0.000    -16245.84   -8547.963
_Ischool_~80 |          0  (omitted)
_Ischool_~82 |  -3373.219   417.7961    -8.07   0.000    -4223.232   -2523.207
_Ischool_~86 |   -5337.47   1818.716    -2.93   0.006    -9037.675   -1637.266
_Ischool_~87 |    577.999   1481.983     0.39   0.699    -2437.118    3593.116
_Ischool_~93 |  -2914.948   1823.848    -1.60   0.120    -6625.596    795.6991
_Ischool_~94 |   3082.481   2330.661     1.32   0.195    -1659.283    7824.246
_Ischool_~96 |  -2659.789   3801.921    -0.70   0.489    -10394.86    5075.279
_Ischool_~97 |  -3267.135   4117.255    -0.79   0.433    -11643.75    5109.484
       _cons |   57207.01   4101.733    13.95   0.000     48861.97    65552.05
------------------------------------------------------------------------------
i.year            _Iyear_2000-2001    (naturally coded; _Iyear_2000 omitted)
i.school_code     _Ischool_co_3-97    (naturally coded; _Ischool_co_3 omitted)
note: boy omitted because of collinearity
note: _Ischool_co_8 omitted because of collinearity
note: _Ischool_co_11 omitted because of collinearity
note: _Ischool_co_13 omitted because of collinearity
note: _Ischool_co_27 omitted because of collinearity
note: _Ischool_co_46 omitted because of collinearity
note: _Ischool_co_55 omitted because of collinearity

Linear regression                               Number of obs     =      8,193
                                                F(10, 29)         =          .
                                                Prob > F          =          .
                                                R-squared         =     0.1001
                                                Root MSE          =      33094

                           (Std. Err. adjusted for 30 clusters in school_code)
------------------------------------------------------------------------------
             |               Robust
sum_wage_8~l |      Coef.   Std. Err.      t    P>|t|     [95% Conf. Interval]
-------------+----------------------------------------------------------------
afterXtrea~t |    3528.19   2243.987     1.57   0.127     -1061.28    8117.659
    att_lgcr |   148.8132   351.2204     0.42   0.675    -569.5132    867.1395
    att_lgsc |   127.9678    70.7071     1.81   0.081     -16.6445      272.58
    awr_lgcr |   1517.872   550.6222     2.76   0.010     391.7226     2644.02
  e_awr_lgcr |  -3731.545   872.8155    -4.28   0.000    -5516.654   -1946.437
      asiafr |    4662.56    2001.89     2.33   0.027     568.2353    8756.885
         ole |   5832.454   4146.667     1.41   0.170    -2648.432    14313.34
         boy |          0  (omitted)
      educav |   79.11799    181.335     0.44   0.666    -291.7537    449.9896
      educem |    337.663    118.646     2.85   0.008     95.00464    580.3213
      m_ahim |  -463.3647   374.3865    -1.24   0.226    -1229.071    302.3417
 _Iyear_2001 |  -6482.101   1890.658    -3.43   0.002    -10348.93    -2615.27
_Ischool_~_8 |          0  (omitted)
_Ischool_~_9 |   10752.12   1632.018     6.59   0.000     7414.263    14089.97
_Ischool_~11 |          0  (omitted)
_Ischool_~13 |          0  (omitted)
_Ischool_~24 |  -27158.57   637.0793   -42.63   0.000    -28461.54    -25855.6
_Ischool_~27 |          0  (omitted)
_Ischool_~28 |   3186.076   1728.096     1.84   0.075    -348.2779     6720.43
_Ischool_~29 |  -9326.419   3018.038    -3.09   0.004       -15499   -3153.838
_Ischool_~30 |    2044.59   1741.387     1.17   0.250    -1516.947    5606.126
_Ischool_~33 |   14960.92   1916.479     7.81   0.000     11041.28    18880.56
_Ischool_~34 |    10993.9   3059.374     3.59   0.001     4736.774    17251.02
_Ischool_~41 |   7780.882   1184.923     6.57   0.000     5357.442    10204.32
_Ischool_~42 |   712.9585   1851.523     0.39   0.703    -3073.832    4499.749
_Ischool_~43 |   4317.017   2040.192     2.12   0.043     144.3554    8489.678
_Ischool_~46 |          0  (omitted)
_Ischool_~53 |  -269.4321    1630.82    -0.17   0.870    -3604.834     3065.97
_Ischool_~55 |          0  (omitted)
_Ischool_~56 |  -861.6808    2074.31    -0.42   0.681    -5104.122     3380.76
_Ischool_~57 |   9907.725   1190.594     8.32   0.000     7472.687    12342.76
_Ischool_~69 |    6181.82   2442.178     2.53   0.017     1187.005    11176.63
_Ischool_~70 |  -2438.336   2435.753    -1.00   0.325     -7420.01    2543.338
_Ischool_~71 |    9633.46   1365.412     7.06   0.000     6840.878    12426.04
_Ischool_~73 |   6735.663   1350.822     4.99   0.000     3972.921    9498.404
_Ischool_~74 |   3596.621   1776.447     2.02   0.052    -36.62051    7229.862
_Ischool_~75 |    3961.51   1977.315     2.00   0.055    -82.55313    8005.573
_Ischool_~78 |   4744.204   933.7342     5.08   0.000     2834.503    6653.905
_Ischool_~79 |   866.7332   2146.651     0.40   0.689    -3523.661    5257.127
_Ischool_~80 |  -10681.96   1797.007    -5.94   0.000    -14357.26   -7006.673
_Ischool_~82 |   684.6148   1707.339     0.40   0.691    -2807.285    4176.514
_Ischool_~86 |   2331.593   2151.262     1.08   0.287    -2068.232    6731.417
_Ischool_~87 |   3094.437     2127.7     1.45   0.157    -1257.197    7446.072
_Ischool_~93 |  -2385.504   551.4961    -4.33   0.000     -3513.44   -1257.568
_Ischool_~94 |   4543.043   2085.542     2.18   0.038     277.6301    8808.456
_Ischool_~96 |  -14421.39   798.3387   -18.06   0.000    -16054.18   -12788.61
_Ischool_~97 |  -13654.59   835.9348   -16.33   0.000    -15364.27   -11944.92
       _cons |   23500.55   4087.562     5.75   0.000     15140.55    31860.55
------------------------------------------------------------------------------
  2,703
  10,077

    Variable |        Obs        Mean    Std. Dev.       Min        Max
-------------+---------------------------------------------------------
   treatment |      4,171           1           0          1          1

    Variable |        Obs        Mean    Std. Dev.       Min        Max
-------------+---------------------------------------------------------
sum_wage_9~l |      4,171    47378.86    42976.61          0     320636

    Variable |        Obs        Mean    Std. Dev.       Min        Max
-------------+---------------------------------------------------------
sum_wage_9~l |      2,703    47886.56    43130.14          0     320636
*********************************************************

SIMPLE DD with FE

Outcome: sum_wage_9_afterSchool

Cohorts: 2000,2001

Sample: NE

*********************************************************

i.year            _Iyear_2000-2001    (naturally coded; _Iyear_2000 omitted)
i.school_code     _Ischool_co_3-97    (naturally coded; _Ischool_co_3 omitted)
note: boy omitted because of collinearity
note: _Ischool_co_29 omitted because of collinearity
note: _Ischool_co_80 omitted because of collinearity

Linear regression                               Number of obs     =      7,710
                                                F(10, 33)         =          .
                                                Prob > F          =          .
                                                R-squared         =     0.0159
                                                Root MSE          =      49428

                           (Std. Err. adjusted for 34 clusters in school_code)
------------------------------------------------------------------------------
             |               Robust
sum_wage_9~l |      Coef.   Std. Err.      t    P>|t|     [95% Conf. Interval]
-------------+----------------------------------------------------------------
afterXtrea~t |   6218.344   2696.761     2.31   0.028     731.7423    11704.94
    att_lgcr |   902.6797    545.798     1.65   0.108    -207.7547    2013.114
    att_lgsc |   58.59143   44.29448     1.32   0.195    -31.52636    148.7092
    awr_lgcr |  -1361.961   469.3121    -2.90   0.007    -2316.784   -407.1383
  e_awr_lgcr |   819.1043   2484.751     0.33   0.744     -4236.16    5874.368
      asiafr |   902.5698    1726.48     0.52   0.605    -2609.981     4415.12
         ole |  -4676.357   6958.364    -0.67   0.506    -18833.26    9480.541
         boy |          0  (omitted)
      educav |   173.9545    256.974     0.68   0.503    -348.8631    696.7721
      educem |  -656.9461    350.362    -1.88   0.070    -1369.763    55.87075
      m_ahim |  -321.6308   1103.938    -0.29   0.773     -2567.61    1924.349
 _Iyear_2001 |  -1810.358    2003.75    -0.90   0.373    -5887.017    2266.302
_Ischool_~_8 |   13305.17   527.8186    25.21   0.000     12231.32    14379.03
_Ischool_~_9 |   2103.739    2555.09     0.82   0.416    -3094.631     7302.11
_Ischool_~11 |   1102.531   2288.602     0.48   0.633    -3553.665    5758.728
_Ischool_~13 |  -5392.335   3156.438    -1.71   0.097    -11814.16    1029.487
_Ischool_~24 |  -7270.421   3082.969    -2.36   0.024    -13542.77   -998.0731
_Ischool_~27 |  -3821.512    1531.31    -2.50   0.018    -6936.986   -706.0382
_Ischool_~28 |  -6142.864   2446.024    -2.51   0.017    -11119.34   -1166.391
_Ischool_~29 |          0  (omitted)
_Ischool_~30 |  -1003.389    1737.81    -0.58   0.568     -4538.99    2532.211
_Ischool_~33 |  -5872.793   2028.379    -2.90   0.007    -9999.561   -1746.025
_Ischool_~34 |   5770.363   4902.336     1.18   0.248    -4203.515    15744.24
_Ischool_~41 |   1272.159   2474.765     0.51   0.611    -3762.789    6307.107
_Ischool_~42 |   8215.742     1453.2     5.65   0.000     5259.185     11172.3
_Ischool_~43 |  -1095.661   1528.224    -0.72   0.478    -4204.856    2013.535
_Ischool_~46 |  -4608.763   1478.076    -3.12   0.004    -7615.932   -1601.594
_Ischool_~53 |   6450.619    1450.56     4.45   0.000     3499.433    9401.806
_Ischool_~55 |   1713.808   2636.285     0.65   0.520    -3649.754    7077.369
_Ischool_~56 |   4141.797   1423.457     2.91   0.006     1245.753    7037.841
_Ischool_~57 |   5034.539   3569.786     1.41   0.168    -2228.245    12297.32
_Ischool_~69 |   4432.686   2447.391     1.81   0.079    -546.5678     9411.94
_Ischool_~70 |   5978.489   2760.436     2.17   0.038     362.3397    11594.64
_Ischool_~71 |   14728.46   1562.849     9.42   0.000     11548.82     17908.1
_Ischool_~73 |  -6030.053   2692.397    -2.24   0.032    -11507.78   -552.3295
_Ischool_~74 |   8343.553   2225.044     3.75   0.001     3816.668    12870.44
_Ischool_~75 |   12748.81   1758.504     7.25   0.000     9171.111    16326.52
_Ischool_~78 |  -6676.237   2717.715    -2.46   0.019    -12205.47   -1147.004
_Ischool_~79 |  -17433.44   1902.859    -9.16   0.000    -21304.83   -13562.04
_Ischool_~80 |          0  (omitted)
_Ischool_~82 |   4124.972   737.8607     5.59   0.000     2623.783    5626.161
_Ischool_~86 |  -3336.046   2185.466    -1.53   0.136     -7782.41    1110.317
_Ischool_~87 |   6795.615   2164.419     3.14   0.004     2392.072    11199.16
_Ischool_~93 |   -8561.72   1919.136    -4.46   0.000    -12466.23   -4657.209
_Ischool_~94 |   4117.828   2739.353     1.50   0.142    -1455.427    9691.083
_Ischool_~96 |   3104.133   3826.026     0.81   0.423    -4679.977    10888.24
_Ischool_~97 |   5805.165    4228.82     1.37   0.179    -2798.434    14408.76
       _cons |   54440.69    3485.56    15.62   0.000     47349.27    61532.12
------------------------------------------------------------------------------
i.year            _Iyear_2000-2001    (naturally coded; _Iyear_2000 omitted)
i.school_code     _Ischool_co_3-97    (naturally coded; _Ischool_co_3 omitted)
note: boy omitted because of collinearity
note: _Ischool_co_8 omitted because of collinearity
note: _Ischool_co_11 omitted because of collinearity
note: _Ischool_co_13 omitted because of collinearity
note: _Ischool_co_27 omitted because of collinearity
note: _Ischool_co_46 omitted because of collinearity
note: _Ischool_co_55 omitted because of collinearity

Linear regression                               Number of obs     =      8,193
                                                F(10, 29)         =          .
                                                Prob > F          =          .
                                                R-squared         =     0.1106
                                                Root MSE          =      35903

                           (Std. Err. adjusted for 30 clusters in school_code)
------------------------------------------------------------------------------
             |               Robust
sum_wage_9~l |      Coef.   Std. Err.      t    P>|t|     [95% Conf. Interval]
-------------+----------------------------------------------------------------
afterXtrea~t |   2616.845   2319.102     1.13   0.268    -2126.252    7359.942
    att_lgcr |   49.32149   508.1726     0.10   0.923    -990.0081    1088.651
    att_lgsc |   162.2449   70.78514     2.29   0.029     17.47301    307.0168
    awr_lgcr |   2056.381   725.0472     2.84   0.008     573.4933    3539.269
  e_awr_lgcr |  -1215.182   1844.019    -0.66   0.515    -4986.624    2556.261
      asiafr |   3798.538   2038.027     1.86   0.072    -369.6953    7966.771
         ole |    4467.29   4744.065     0.94   0.354    -5235.413    14169.99
         boy |          0  (omitted)
      educav |   189.6623   139.5435     1.36   0.185    -95.73626    475.0608
      educem |   387.6512   211.7946     1.83   0.077    -45.51729    820.8197
      m_ahim |  -666.9691   445.1586    -1.50   0.145    -1577.421    243.4825
 _Iyear_2001 |  -4169.002   1920.411    -2.17   0.038    -8096.683   -241.3213
_Ischool_~_8 |          0  (omitted)
_Ischool_~_9 |   8390.307   1876.576     4.47   0.000     4552.278    12228.34
_Ischool_~11 |          0  (omitted)
_Ischool_~13 |          0  (omitted)
_Ischool_~24 |  -26534.45   668.5484   -39.69   0.000    -27901.79   -25167.12
_Ischool_~27 |          0  (omitted)
_Ischool_~28 |   7893.811    2036.63     3.88   0.001     3728.435    12059.19
_Ischool_~29 |  -5100.809    2895.85    -1.76   0.089    -11023.49      821.87
_Ischool_~30 |   1218.989   1958.439     0.62   0.539    -2786.468    5224.447
_Ischool_~33 |   11940.07    2333.94     5.12   0.000     7166.626    16713.51
_Ischool_~34 |   9299.985   3709.095     2.51   0.018     1714.033    16885.94
_Ischool_~41 |    9940.08   1323.067     7.51   0.000     7234.104    12646.06
_Ischool_~42 |   3824.714   1981.065     1.93   0.063    -227.0192    7876.447
_Ischool_~43 |   8280.748   1945.227     4.26   0.000     4302.312    12259.18
_Ischool_~46 |          0  (omitted)
_Ischool_~53 |   908.6565   1977.546     0.46   0.649    -3135.879    4953.192
_Ischool_~55 |          0  (omitted)
_Ischool_~56 |  -6469.783   2183.078    -2.96   0.006    -10934.68   -2004.887
_Ischool_~57 |   9990.527   1466.789     6.81   0.000     6990.606    12990.45
_Ischool_~69 |   7761.992    2529.25     3.07   0.005     2589.095    12934.89
_Ischool_~70 |   -3964.71   2727.308    -1.45   0.157    -9542.681    1613.262
_Ischool_~71 |   11942.93   1624.619     7.35   0.000     8620.212    15265.65
_Ischool_~73 |   11422.03   1429.929     7.99   0.000     8497.492    14346.56
_Ischool_~74 |   6814.423   1854.314     3.67   0.001     3021.926    10606.92
_Ischool_~75 |   2848.751   2427.237     1.17   0.250    -2115.506    7813.008
_Ischool_~78 |   5582.098   1163.672     4.80   0.000     3202.121    7962.075
_Ischool_~79 |   4220.211   2240.124     1.88   0.070     -361.358    8801.779
_Ischool_~80 |  -12277.86   1793.211    -6.85   0.000    -15945.39    -8610.33
_Ischool_~82 |    2787.25   1759.694     1.58   0.124    -811.7275    6386.227
_Ischool_~86 |   4382.404   2534.102     1.73   0.094    -800.4161    9565.224
_Ischool_~87 |   4668.403   2507.747     1.86   0.073    -460.5161    9797.321
_Ischool_~93 |  -192.3878   750.5577    -0.26   0.800    -1727.451    1342.675
_Ischool_~94 |   4592.547   2523.023     1.82   0.079     -567.614    9752.707
_Ischool_~96 |  -9428.138    907.667   -10.39   0.000    -11284.53    -7571.75
_Ischool_~97 |  -13672.88   871.4675   -15.69   0.000    -15455.23   -11890.53
       _cons |   19323.72    4365.38     4.43   0.000     10395.52    28251.93
------------------------------------------------------------------------------
  2,703
  10,077

    Variable |        Obs        Mean    Std. Dev.       Min        Max
-------------+---------------------------------------------------------
   treatment |      4,171           1           0          1          1

    Variable |        Obs        Mean    Std. Dev.       Min        Max
-------------+---------------------------------------------------------
sum_wage_10~ |      4,171    52202.42    46774.62          0   316088.7

    Variable |        Obs        Mean    Std. Dev.       Min        Max
-------------+---------------------------------------------------------
sum_wage_10~ |      2,703    53103.09    47421.32          0   316088.7
*********************************************************

SIMPLE DD with FE

Outcome: sum_wage_10_afterSchool

Cohorts: 2000,2001

Sample: NE

*********************************************************

i.year            _Iyear_2000-2001    (naturally coded; _Iyear_2000 omitted)
i.school_code     _Ischool_co_3-97    (naturally coded; _Ischool_co_3 omitted)
note: boy omitted because of collinearity
note: _Ischool_co_29 omitted because of collinearity
note: _Ischool_co_80 omitted because of collinearity

Linear regression                               Number of obs     =      7,710
                                                F(10, 33)         =          .
                                                Prob > F          =          .
                                                R-squared         =     0.0196
                                                Root MSE          =      54780

                           (Std. Err. adjusted for 34 clusters in school_code)
------------------------------------------------------------------------------
             |               Robust
sum_wage_10~ |      Coef.   Std. Err.      t    P>|t|     [95% Conf. Interval]
-------------+----------------------------------------------------------------
afterXtrea~t |   3646.639     4729.9     0.77   0.446    -5976.415    13269.69
    att_lgcr |   88.17677   649.9804     0.14   0.893    -1234.218    1410.572
    att_lgsc |   69.44393   60.82833     1.14   0.262    -54.31223    193.2001
    awr_lgcr |   689.7088   700.8623     0.98   0.332    -736.2063    2115.624
  e_awr_lgcr |   1195.108   2640.582     0.45   0.654    -4177.197    6567.413
      asiafr |   1635.051   1837.959     0.89   0.380    -2104.305    5374.406
         ole |  -461.1155   7727.451    -0.06   0.953    -16182.73     15260.5
         boy |          0  (omitted)
      educav |   93.22621   299.4408     0.31   0.758    -515.9908    702.4432
      educem |  -117.6633   378.5624    -0.31   0.758    -887.8542    652.5276
      m_ahim |  -366.7405    1073.57    -0.34   0.735    -2550.935    1817.454
 _Iyear_2001 |   4440.917   3894.789     1.14   0.262    -3483.091    12364.93
_Ischool_~_8 |   17886.55   526.9926    33.94   0.000     16814.38    18958.73
_Ischool_~_9 |   9765.007   2417.306     4.04   0.000     4846.961    14683.05
_Ischool_~11 |   11648.76   3284.924     3.55   0.001     4965.531    18331.99
_Ischool_~13 |   5399.174   4635.754     1.16   0.252    -4032.339    14830.69
_Ischool_~24 |  -5326.604   4049.606    -1.32   0.197    -13565.59    2912.381
_Ischool_~27 |  -430.0846   2276.818    -0.19   0.851    -5062.305    4202.136
_Ischool_~28 |  -274.8957    2355.53    -0.12   0.908    -5067.257    4517.465
_Ischool_~29 |          0  (omitted)
_Ischool_~30 |   6430.549   2454.825     2.62   0.013     1436.171    11424.93
_Ischool_~33 |   -2485.36   1945.488    -1.28   0.210    -6443.486    1472.765
_Ischool_~34 |   8872.351   5464.177     1.62   0.114      -2244.6     19989.3
_Ischool_~41 |   8592.677     1876.7     4.58   0.000     4774.502    12410.85
_Ischool_~42 |   13792.35   1252.396    11.01   0.000     11244.33    16340.37
_Ischool_~43 |   5690.696    1492.53     3.81   0.001     2654.122     8727.27
_Ischool_~46 |    8071.78   1273.185     6.34   0.000     5481.464    10662.09
_Ischool_~53 |   14403.39   1777.314     8.10   0.000     10787.42    18019.37
_Ischool_~55 |   8212.479   3761.543     2.18   0.036     559.5625     15865.4
_Ischool_~56 |   6218.115   1335.444     4.66   0.000     3501.134    8935.097
_Ischool_~57 |   13238.18   4430.119     2.99   0.005      4225.04    22251.33
_Ischool_~69 |   11310.51   2711.194     4.17   0.000     5794.543    16826.47
_Ischool_~70 |    7595.81   2341.241     3.24   0.003      2832.52     12359.1
_Ischool_~71 |   16993.48   1155.883    14.70   0.000     14641.82    19345.14
_Ischool_~73 |   10125.47   1989.947     5.09   0.000     6076.896    14174.05
_Ischool_~74 |   16562.45   2104.115     7.87   0.000      12281.6    20843.31
_Ischool_~75 |   18452.76   1716.529    10.75   0.000     14960.46    21945.07
_Ischool_~78 |  -1500.675   3976.338    -0.38   0.708    -9590.595    6589.244
_Ischool_~79 |   9211.731   2875.418     3.20   0.003      3361.65    15061.81
_Ischool_~80 |          0  (omitted)
_Ischool_~82 |   9137.248   581.0371    15.73   0.000     7955.119    10319.38
_Ischool_~86 |   5591.942   2051.286     2.73   0.010     1418.569    9765.315
_Ischool_~87 |   12164.31   2093.065     5.81   0.000     7905.941    16422.69
_Ischool_~93 |   947.9224   3184.811     0.30   0.768    -5531.624    7427.469
_Ischool_~94 |    10890.9   2900.639     3.75   0.001     4989.501    16792.29
_Ischool_~96 |   6102.669   4155.832     1.47   0.151    -2352.435    14557.77
_Ischool_~97 |   8506.925   5418.278     1.57   0.126    -2516.646     19530.5
       _cons |   45532.71   4496.998    10.13   0.000      36383.5    54681.92
------------------------------------------------------------------------------
i.year            _Iyear_2000-2001    (naturally coded; _Iyear_2000 omitted)
i.school_code     _Ischool_co_3-97    (naturally coded; _Ischool_co_3 omitted)
note: boy omitted because of collinearity
note: _Ischool_co_8 omitted because of collinearity
note: _Ischool_co_11 omitted because of collinearity
note: _Ischool_co_13 omitted because of collinearity
note: _Ischool_co_27 omitted because of collinearity
note: _Ischool_co_46 omitted because of collinearity
note: _Ischool_co_55 omitted because of collinearity

Linear regression                               Number of obs     =      8,193
                                                F(10, 29)         =          .
                                                Prob > F          =          .
                                                R-squared         =     0.1260
                                                Root MSE          =      39167

                           (Std. Err. adjusted for 30 clusters in school_code)
------------------------------------------------------------------------------
             |               Robust
sum_wage_10~ |      Coef.   Std. Err.      t    P>|t|     [95% Conf. Interval]
-------------+----------------------------------------------------------------
afterXtrea~t |   1761.834   2219.245     0.79   0.434    -2777.031    6300.699
    att_lgcr |  -220.9203   567.6152    -0.39   0.700    -1381.824    939.9831
    att_lgsc |    161.736   77.02979     2.10   0.045     4.192352    319.2796
    awr_lgcr |   3022.513   788.5334     3.83   0.001     1409.782    4635.245
  e_awr_lgcr |  -2049.917   2102.512    -0.97   0.338    -6350.037    2250.202
      asiafr |   3932.908   2363.489     1.66   0.107    -900.9689    8766.785
         ole |   658.7978   6736.717     0.10   0.923    -13119.33    14436.93
         boy |          0  (omitted)
      educav |    166.322    193.064     0.86   0.396    -228.5381    561.1821
      educem |   657.2981   166.0454     3.96   0.000     317.6971    996.8991
      m_ahim |  -711.0241   433.3799    -1.64   0.112    -1597.385    175.3373
 _Iyear_2001 |    381.323   1553.674     0.25   0.808    -2796.298    3558.944
_Ischool_~_8 |          0  (omitted)
_Ischool_~_9 |   3465.643    2217.63     1.56   0.129     -1069.92    8001.206
_Ischool_~11 |          0  (omitted)
_Ischool_~13 |          0  (omitted)
_Ischool_~24 |  -27958.05    672.532   -41.57   0.000    -29333.53   -26582.56
_Ischool_~27 |          0  (omitted)
_Ischool_~28 |   9331.258   2215.417     4.21   0.000     4800.222    13862.29
_Ischool_~29 |  -9908.663    3166.55    -3.13   0.004    -16384.98   -3432.341
_Ischool_~30 |   3929.422   2083.523     1.89   0.069    -331.8598    8190.704
_Ischool_~33 |   17710.24   3327.974     5.32   0.000     10903.77    24516.71
_Ischool_~34 |   8705.068   5013.687     1.74   0.093    -1549.072    18959.21
_Ischool_~41 |   11696.61    2106.59     5.55   0.000     7388.145    16005.07
_Ischool_~42 |   4902.672   2653.372     1.85   0.075    -524.0827    10329.43
_Ischool_~43 |    11142.8   2588.971     4.30   0.000     5847.754    16437.84
_Ischool_~46 |          0  (omitted)
_Ischool_~53 |  -1118.226   1907.126    -0.59   0.562    -5018.737    2782.285
_Ischool_~55 |          0  (omitted)
_Ischool_~56 |  -4116.652   2777.961    -1.48   0.149    -9798.221    1564.917
_Ischool_~57 |   9493.588   1711.337     5.55   0.000     5993.512    12993.66
_Ischool_~69 |   12687.48    3581.92     3.54   0.001     5361.631    20013.33
_Ischool_~70 |  -1968.627   2980.446    -0.66   0.514    -8064.324    4127.071
_Ischool_~71 |   10146.06   2297.178     4.42   0.000     5447.801    14844.32
_Ischool_~73 |   15487.12       1421    10.90   0.000     12580.85    18393.39
_Ischool_~74 |   6641.065   2635.957     2.52   0.018     1249.927     12032.2
_Ischool_~75 |   5053.798    3023.11     1.67   0.105    -1129.156    11236.75
_Ischool_~78 |   6249.599   1307.768     4.78   0.000     3574.913    8924.285
_Ischool_~79 |   1700.308   3222.326     0.53   0.602    -4890.088    8290.705
_Ischool_~80 |  -11707.33   2388.049    -4.90   0.000    -16591.43   -6823.219
_Ischool_~82 |   3433.692   2488.857     1.38   0.178    -1656.593    8523.976
_Ischool_~86 |   9759.013   2761.373     3.53   0.001     4111.372    15406.66
_Ischool_~87 |   3302.641   3278.056     1.01   0.322    -3401.737    10007.02
_Ischool_~93 |  -1515.254   763.6714    -1.98   0.057    -3077.137    46.62919
_Ischool_~94 |   6162.675   2794.484     2.21   0.036     447.3139    11878.04
_Ischool_~96 |  -5870.959   1083.521    -5.42   0.000    -8087.008   -3654.911
_Ischool_~97 |  -12121.68   893.2378   -13.57   0.000    -13948.56    -10294.8
       _cons |   16069.14   5030.308     3.19   0.003     5781.001    26357.27
------------------------------------------------------------------------------
  2,703
  10,077

    Variable |        Obs        Mean    Std. Dev.       Min        Max
-------------+---------------------------------------------------------
   treatment |      4,171           1           0          1          1

    Variable |        Obs        Mean    Std. Dev.       Min        Max
-------------+---------------------------------------------------------
sum_wage_11~ |      4,171    62000.98    53723.78          0   370303.6

    Variable |        Obs        Mean    Std. Dev.       Min        Max
-------------+---------------------------------------------------------
sum_wage_11~ |      2,703    62990.67    55226.12          0   370303.6
*********************************************************

SIMPLE DD with FE

Outcome: sum_wage_11_afterSchool

Cohorts: 2000,2001

Sample: NE

*********************************************************

i.year            _Iyear_2000-2001    (naturally coded; _Iyear_2000 omitted)
i.school_code     _Ischool_co_3-97    (naturally coded; _Ischool_co_3 omitted)
note: boy omitted because of collinearity
note: _Ischool_co_29 omitted because of collinearity
note: _Ischool_co_80 omitted because of collinearity

Linear regression                               Number of obs     =      7,710
                                                F(10, 33)         =          .
                                                Prob > F          =          .
                                                R-squared         =     0.0299
                                                Root MSE          =      60841

                           (Std. Err. adjusted for 34 clusters in school_code)
------------------------------------------------------------------------------
             |               Robust
sum_wage_11~ |      Coef.   Std. Err.      t    P>|t|     [95% Conf. Interval]
-------------+----------------------------------------------------------------
afterXtrea~t |   6778.018   4776.439     1.42   0.165    -2939.721    16495.76
    att_lgcr |  -666.9486   1081.864    -0.62   0.542    -2868.017     1534.12
    att_lgsc |   120.4806   70.64042     1.71   0.097    -23.23845    264.1996
    awr_lgcr |   2202.514   880.6121     2.50   0.018     410.8955    3994.133
  e_awr_lgcr |   1509.756   2307.513     0.65   0.517    -3184.914    6204.426
      asiafr |   961.7058   1932.265     0.50   0.622    -2969.518    4892.929
         ole |  -8185.945   9327.132    -0.88   0.386    -27162.14    10790.25
         boy |          0  (omitted)
      educav |   269.3418   352.0001     0.77   0.450    -446.8077    985.4914
      educem |  -217.5681   346.4486    -0.63   0.534     -922.423    487.2868
      m_ahim |  -864.5626   972.8429    -0.89   0.381    -2843.826    1114.701
 _Iyear_2001 |  -5277.379   2685.031    -1.97   0.058    -10740.12     185.357
_Ischool_~_8 |   17580.19   622.2223    28.25   0.000     16314.27    18846.11
_Ischool_~_9 |   3219.228   3597.131     0.89   0.377    -4099.191    10537.65
_Ischool_~11 |   12821.87   3102.374     4.13   0.000     6510.046     19133.7
_Ischool_~13 |   1492.673   4100.281     0.36   0.718    -6849.411    9834.757
_Ischool_~24 |  -6615.375   3573.056    -1.85   0.073    -13884.81    654.0634
_Ischool_~27 |   3986.799   2824.738     1.41   0.167    -1760.174    9733.773
_Ischool_~28 |  -1754.215    3631.51    -0.48   0.632    -9142.578    5634.148
_Ischool_~29 |          0  (omitted)
_Ischool_~30 |   9381.551   2557.281     3.67   0.001     4178.723    14584.38
_Ischool_~33 |   6318.854   3127.948     2.02   0.052    -45.00444    12682.71
_Ischool_~34 |   9284.229   6594.623     1.41   0.169    -4132.632    22701.09
_Ischool_~41 |   15389.76   1777.662     8.66   0.000     11773.07    19006.44
_Ischool_~42 |   11277.85   1755.002     6.43   0.000     7707.267    14848.42
_Ischool_~43 |   10600.33   1952.773     5.43   0.000     6627.379    14573.27
_Ischool_~46 |   15197.07    1676.17     9.07   0.000     11786.88    18607.27
_Ischool_~53 |   15986.26   1629.591     9.81   0.000     12670.83    19301.68
_Ischool_~55 |   3719.612    3126.51     1.19   0.243    -2641.321    10080.55
_Ischool_~56 |   7125.793    1552.32     4.59   0.000     3967.574    10284.01
_Ischool_~57 |    12759.9   4470.828     2.85   0.007     3663.936    21855.87
_Ischool_~69 |   19925.83   3542.291     5.63   0.000     12718.98    27132.67
_Ischool_~70 |   4669.834   3801.906     1.23   0.228    -3065.203    12404.87
_Ischool_~71 |   19572.13   1952.086    10.03   0.000     15600.58    23543.67
_Ischool_~73 |   12261.05   2771.929     4.42   0.000      6621.52    17900.58
_Ischool_~74 |   22749.41   2734.447     8.32   0.000     17186.14    28312.69
_Ischool_~75 |   18352.36   2058.603     8.91   0.000      14164.1    22540.63
_Ischool_~78 |   2195.485    3273.47     0.67   0.507     -4464.44     8855.41
_Ischool_~79 |  -46208.19   2204.395   -20.96   0.000    -50693.07   -41723.32
_Ischool_~80 |          0  (omitted)
_Ischool_~82 |   12983.77   856.9984    15.15   0.000     11240.19    14727.35
_Ischool_~86 |   12063.39   3195.009     3.78   0.001     5563.097    18563.68
_Ischool_~87 |   16997.06   2491.439     6.82   0.000     11928.18    22065.93
_Ischool_~93 |  -1657.393   2682.352    -0.62   0.541     -7114.68    3799.894
_Ischool_~94 |   10746.06   4325.342     2.48   0.018     1946.081    19546.03
_Ischool_~96 |   5800.041   4418.031     1.31   0.198    -3188.509    14788.59
_Ischool_~97 |   4508.969   4549.331     0.99   0.329    -4746.715    13764.65
       _cons |   53238.86   4515.191    11.79   0.000     44052.64    62425.09
------------------------------------------------------------------------------
i.year            _Iyear_2000-2001    (naturally coded; _Iyear_2000 omitted)
i.school_code     _Ischool_co_3-97    (naturally coded; _Ischool_co_3 omitted)
note: boy omitted because of collinearity
note: _Ischool_co_8 omitted because of collinearity
note: _Ischool_co_11 omitted because of collinearity
note: _Ischool_co_13 omitted because of collinearity
note: _Ischool_co_27 omitted because of collinearity
note: _Ischool_co_46 omitted because of collinearity
note: _Ischool_co_55 omitted because of collinearity

Linear regression                               Number of obs     =      8,193
                                                F(10, 29)         =          .
                                                Prob > F          =          .
                                                R-squared         =     0.1319
                                                Root MSE          =      42456

                           (Std. Err. adjusted for 30 clusters in school_code)
------------------------------------------------------------------------------
             |               Robust
sum_wage_11~ |      Coef.   Std. Err.      t    P>|t|     [95% Conf. Interval]
-------------+----------------------------------------------------------------
afterXtrea~t |   4680.733    3137.22     1.49   0.146    -1735.602    11097.07
    att_lgcr |  -597.7998   624.9569    -0.96   0.347     -1875.98    680.3806
    att_lgsc |   188.2006   72.89067     2.58   0.015     39.12244    337.2788
    awr_lgcr |   3517.093   698.8276     5.03   0.000      2087.83    4946.356
  e_awr_lgcr |   -2245.01   1346.599    -1.67   0.106    -4999.115    509.0939
      asiafr |   4543.136   2404.731     1.89   0.069    -375.0916    9461.364
         ole |   5024.748   6549.635     0.77   0.449    -8370.761    18420.26
         boy |          0  (omitted)
      educav |   355.8126   230.0875     1.55   0.133    -114.7691    826.3943
      educem |   710.9834   163.2303     4.36   0.000     377.1399    1044.827
      m_ahim |  -694.8308   468.6905    -1.48   0.149     -1653.41    263.7488
 _Iyear_2001 |  -5159.865   2201.379    -2.34   0.026    -9662.191     -657.54
_Ischool_~_8 |          0  (omitted)
_Ischool_~_9 |   11859.81   3078.257     3.85   0.001      5564.07    18155.55
_Ischool_~11 |          0  (omitted)
_Ischool_~13 |          0  (omitted)
_Ischool_~24 |  -28483.71   928.1466   -30.69   0.000    -30381.98   -26585.44
_Ischool_~27 |          0  (omitted)
_Ischool_~28 |   14712.62   2445.575     6.02   0.000     9710.862    19714.39
_Ischool_~29 |  -7523.394   2953.711    -2.55   0.016    -13564.41   -1482.377
_Ischool_~30 |   6495.264   2102.688     3.09   0.004     2194.784    10795.74
_Ischool_~33 |   28474.63   3222.804     8.84   0.000     21883.25       35066
_Ischool_~34 |   4583.531   4753.476     0.96   0.343     -5138.42    14305.48
_Ischool_~41 |   13452.84   1813.985     7.42   0.000     9742.826    17162.86
_Ischool_~42 |     7880.3   2350.805     3.35   0.002     3072.363    12688.24
_Ischool_~43 |   18570.36   2368.474     7.84   0.000     13726.29    23414.44
_Ischool_~46 |          0  (omitted)
_Ischool_~53 |  -567.2717    1704.75    -0.33   0.742    -4053.876    2919.333
_Ischool_~55 |          0  (omitted)
_Ischool_~56 |  -4976.272    2023.63    -2.46   0.020    -9115.059   -837.4839
_Ischool_~57 |   14446.85   1739.403     8.31   0.000     10889.37    18004.33
_Ischool_~69 |   20405.85   3192.632     6.39   0.000     13876.18    26935.51
_Ischool_~70 |  -3820.272   3069.824    -1.24   0.223    -10098.77    2458.223
_Ischool_~71 |   13587.82   2108.735     6.44   0.000     9274.973    17900.67
_Ischool_~73 |   17186.99   2134.069     8.05   0.000     12822.33    21551.65
_Ischool_~74 |   8662.023   2190.775     3.95   0.000     4181.386    13142.66
_Ischool_~75 |   8243.145   2371.083     3.48   0.002     3393.736    13092.55
_Ischool_~78 |   11397.75   1156.436     9.86   0.000     9032.569    13762.92
_Ischool_~79 |   217.8629    2518.63     0.09   0.932    -4933.313    5369.039
_Ischool_~80 |  -11893.99    2097.75    -5.67   0.000    -16184.37   -7603.612
_Ischool_~82 |   6837.201   1940.472     3.52   0.001      2868.49    10805.91
_Ischool_~86 |   11063.23   2869.729     3.86   0.001     5193.975    16932.48
_Ischool_~87 |   3620.248   2627.365     1.38   0.179    -1753.316    8993.813
_Ischool_~93 |   1688.107   610.9094     2.76   0.010     438.6567    2937.557
_Ischool_~94 |   5280.662   2968.327     1.78   0.086    -790.2484    11351.57
_Ischool_~96 |  -6572.613   1749.339    -3.76   0.001    -10150.41   -2994.813
_Ischool_~97 |  -9789.265   1406.679    -6.96   0.000    -12666.25   -6912.283
       _cons |   15908.55   4692.561     3.39   0.002     6311.183    25505.91
------------------------------------------------------------------------------
  2,703
  10,077

    Variable |        Obs        Mean    Std. Dev.       Min        Max
-------------+---------------------------------------------------------
   treatment |      4,171           1           0          1          1
(file W:\victor_lavi\Incoming\olim1\elior\Teachers Bonuses\results\automatic\Gr
> aph_5.eps written in EPS format)
(file W:\victor_lavi\Incoming\olim1\elior\Teachers Bonuses\results\automatic\Gr
> aph_5.pdf written in PDF format)
(note: file W:\victor_lavi\Incoming\olim1\elior\Teachers Bonuses\results\automa
> tic\Graph_5_no_title.eps not found)
(file W:\victor_lavi\Incoming\olim1\elior\Teachers Bonuses\results\automatic\Gr
> aph_5_no_title.eps written in EPS format)
(file W:\victor_lavi\Incoming\olim1\elior\Teachers Bonuses\results\automatic\Gr
> aph_5_no_title.pdf written in PDF format)

.                 
.                 
. 
. 
. cap log close
